Component: ARM Compiler 5.06 update 5 (build 528) Tool: armlink [4d35e2]

==============================================================================

Section Cross References

    system_stm32f10x.o(i.SetSysClock) refers to system_stm32f10x.o(i.SetSysClockTo72) for SetSysClockTo72
    system_stm32f10x.o(i.SystemCoreClockUpdate) refers to system_stm32f10x.o(.data) for SystemCoreClock
    system_stm32f10x.o(i.SystemInit) refers to system_stm32f10x.o(i.SetSysClock) for SetSysClock
    startup_stm32f10x_hd.o(STACK) refers (Special) to heapauxi.o(.text) for __use_two_region_memory
    startup_stm32f10x_hd.o(HEAP) refers (Special) to heapauxi.o(.text) for __use_two_region_memory
    startup_stm32f10x_hd.o(RESET) refers (Special) to heapauxi.o(.text) for __use_two_region_memory
    startup_stm32f10x_hd.o(RESET) refers to startup_stm32f10x_hd.o(STACK) for __initial_sp
    startup_stm32f10x_hd.o(RESET) refers to startup_stm32f10x_hd.o(.text) for Reset_Handler
    startup_stm32f10x_hd.o(RESET) refers to y_timer.o(i.SysTick_Handler) for SysTick_Handler
    startup_stm32f10x_hd.o(RESET) refers to y_usart.o(i.USART1_IRQHandler) for USART1_IRQHandler
    startup_stm32f10x_hd.o(RESET) refers to y_usart.o(i.USART2_IRQHandler) for USART2_IRQHandler
    startup_stm32f10x_hd.o(RESET) refers to y_usart.o(i.USART3_IRQHandler) for USART3_IRQHandler
    startup_stm32f10x_hd.o(RESET) refers to y_usart.o(i.UART5_IRQHandler) for UART5_IRQHandler
    startup_stm32f10x_hd.o(RESET) refers to y_servo.o(i.TIM7_IRQHandler) for TIM7_IRQHandler
    startup_stm32f10x_hd.o(.text) refers (Special) to heapauxi.o(.text) for __use_two_region_memory
    startup_stm32f10x_hd.o(.text) refers to system_stm32f10x.o(i.SystemInit) for SystemInit
    startup_stm32f10x_hd.o(.text) refers to __main.o(!!!main) for __main
    startup_stm32f10x_hd.o(.text) refers to startup_stm32f10x_hd.o(HEAP) for Heap_Mem
    startup_stm32f10x_hd.o(.text) refers to startup_stm32f10x_hd.o(STACK) for Stack_Mem
    stm32f10x_adc.o(i.ADC_DeInit) refers to stm32f10x_rcc.o(i.RCC_APB2PeriphResetCmd) for RCC_APB2PeriphResetCmd
    stm32f10x_bkp.o(i.BKP_DeInit) refers to stm32f10x_rcc.o(i.RCC_BackupResetCmd) for RCC_BackupResetCmd
    stm32f10x_can.o(i.CAN_DeInit) refers to stm32f10x_rcc.o(i.RCC_APB1PeriphResetCmd) for RCC_APB1PeriphResetCmd
    stm32f10x_can.o(i.CAN_GetITStatus) refers to stm32f10x_can.o(i.CheckITStatus) for CheckITStatus
    stm32f10x_cec.o(i.CEC_DeInit) refers to stm32f10x_rcc.o(i.RCC_APB1PeriphResetCmd) for RCC_APB1PeriphResetCmd
    stm32f10x_dac.o(i.DAC_DeInit) refers to stm32f10x_rcc.o(i.RCC_APB1PeriphResetCmd) for RCC_APB1PeriphResetCmd
    stm32f10x_flash.o(i.FLASH_EnableWriteProtection) refers to stm32f10x_flash.o(i.FLASH_WaitForLastOperation) for FLASH_WaitForLastOperation
    stm32f10x_flash.o(i.FLASH_EraseAllBank1Pages) refers to stm32f10x_flash.o(i.FLASH_WaitForLastBank1Operation) for FLASH_WaitForLastBank1Operation
    stm32f10x_flash.o(i.FLASH_EraseAllPages) refers to stm32f10x_flash.o(i.FLASH_WaitForLastOperation) for FLASH_WaitForLastOperation
    stm32f10x_flash.o(i.FLASH_EraseOptionBytes) refers to stm32f10x_flash.o(i.FLASH_GetReadOutProtectionStatus) for FLASH_GetReadOutProtectionStatus
    stm32f10x_flash.o(i.FLASH_EraseOptionBytes) refers to stm32f10x_flash.o(i.FLASH_WaitForLastOperation) for FLASH_WaitForLastOperation
    stm32f10x_flash.o(i.FLASH_ErasePage) refers to stm32f10x_flash.o(i.FLASH_WaitForLastOperation) for FLASH_WaitForLastOperation
    stm32f10x_flash.o(i.FLASH_ProgramHalfWord) refers to stm32f10x_flash.o(i.FLASH_WaitForLastOperation) for FLASH_WaitForLastOperation
    stm32f10x_flash.o(i.FLASH_ProgramOptionByteData) refers to stm32f10x_flash.o(i.FLASH_WaitForLastOperation) for FLASH_WaitForLastOperation
    stm32f10x_flash.o(i.FLASH_ProgramWord) refers to stm32f10x_flash.o(i.FLASH_WaitForLastOperation) for FLASH_WaitForLastOperation
    stm32f10x_flash.o(i.FLASH_ReadOutProtection) refers to stm32f10x_flash.o(i.FLASH_WaitForLastOperation) for FLASH_WaitForLastOperation
    stm32f10x_flash.o(i.FLASH_UserOptionByteConfig) refers to stm32f10x_flash.o(i.FLASH_WaitForLastOperation) for FLASH_WaitForLastOperation
    stm32f10x_flash.o(i.FLASH_WaitForLastBank1Operation) refers to stm32f10x_flash.o(i.FLASH_GetBank1Status) for FLASH_GetBank1Status
    stm32f10x_flash.o(i.FLASH_WaitForLastOperation) refers to stm32f10x_flash.o(i.FLASH_GetBank1Status) for FLASH_GetBank1Status
    stm32f10x_gpio.o(i.GPIO_AFIODeInit) refers to stm32f10x_rcc.o(i.RCC_APB2PeriphResetCmd) for RCC_APB2PeriphResetCmd
    stm32f10x_gpio.o(i.GPIO_DeInit) refers to stm32f10x_rcc.o(i.RCC_APB2PeriphResetCmd) for RCC_APB2PeriphResetCmd
    stm32f10x_i2c.o(i.I2C_DeInit) refers to stm32f10x_rcc.o(i.RCC_APB1PeriphResetCmd) for RCC_APB1PeriphResetCmd
    stm32f10x_i2c.o(i.I2C_Init) refers to stm32f10x_rcc.o(i.RCC_GetClocksFreq) for RCC_GetClocksFreq
[...]
    OLED_TEST                                0x080038fd   Thumb Code    18  y_oled.o(i.OLED_TEST)
    OLED_Write_Cmd                           0x08003919   Thumb Code    14  y_oled.o(i.OLED_Write_Cmd)
    OLED_Write_Dat                           0x08003927   Thumb Code    14  y_oled.o(i.OLED_Write_Dat)
    RCC_APB1PeriphClockCmd                   0x08003935   Thumb Code    26  stm32f10x_rcc.o(i.RCC_APB1PeriphClockCmd)
    RCC_APB1PeriphResetCmd                   0x08003955   Thumb Code    26  stm32f10x_rcc.o(i.RCC_APB1PeriphResetCmd)
    RCC_APB2PeriphClockCmd                   0x08003975   Thumb Code    26  stm32f10x_rcc.o(i.RCC_APB2PeriphClockCmd)
    RCC_APB2PeriphResetCmd                   0x08003995   Thumb Code    26  stm32f10x_rcc.o(i.RCC_APB2PeriphResetCmd)
    RCC_GetClocksFreq                        0x080039b5   Thumb Code   192  stm32f10x_rcc.o(i.RCC_GetClocksFreq)
    SPEED_PidCtlA                            0x08003a89   Thumb Code   174  y_motor.o(i.SPEED_PidCtlA)
    SPEED_PidCtlB                            0x08003b4d   Thumb Code   174  y_motor.o(i.SPEED_PidCtlB)
    SPEED_PidCtlC                            0x08003c11   Thumb Code   174  y_motor.o(i.SPEED_PidCtlC)
    SPEED_PidCtlD                            0x08003cd5   Thumb Code   174  y_motor.o(i.SPEED_PidCtlD)
    SPI_Cmd                                  0x08003d99   Thumb Code    24  stm32f10x_spi.o(i.SPI_Cmd)
    SPI_I2S_GetFlagStatus                    0x08003db1   Thumb Code    18  stm32f10x_spi.o(i.SPI_I2S_GetFlagStatus)
    SPI_I2S_ReceiveData                      0x08003dc3   Thumb Code     6  stm32f10x_spi.o(i.SPI_I2S_ReceiveData)
    SPI_I2S_SendData                         0x08003dc9   Thumb Code     4  stm32f10x_spi.o(i.SPI_I2S_SendData)
    SPI_Init                                 0x08003dcd   Thumb Code    60  stm32f10x_spi.o(i.SPI_Init)
    SWJ_gpio_init                            0x08003e09   Thumb Code    20  main.o(i.SWJ_gpio_init)
    SpiFlashWriteS                           0x08003f09   Thumb Code   176  y_flash.o(i.SpiFlashWriteS)
    SysTick_Handler                          0x08003fbd   Thumb Code    40  y_timer.o(i.SysTick_Handler)
    SysTick_Init                             0x08003fed   Thumb Code    84  y_timer.o(i.SysTick_Init)
    SystemInit                               0x0800404d   Thumb Code    78  system_stm32f10x.o(i.SystemInit)
    TIM7_IRQHandler                          0x080042ed   Thumb Code   142  y_servo.o(i.TIM7_IRQHandler)
    TIM_ClearFlag                            0x080043e5   Thumb Code     6  stm32f10x_tim.o(i.TIM_ClearFlag)
    TIM_ClearITPendingBit                    0x080043eb   Thumb Code     6  stm32f10x_tim.o(i.TIM_ClearITPendingBit)
    TIM_Cmd                                  0x080043f1   Thumb Code    24  stm32f10x_tim.o(i.TIM_Cmd)
    TIM_CtrlPWMOutputs                       0x08004409   Thumb Code    30  stm32f10x_tim.o(i.TIM_CtrlPWMOutputs)
    TIM_EncoderInterfaceConfig               0x08004427   Thumb Code    66  stm32f10x_tim.o(i.TIM_EncoderInterfaceConfig)
    TIM_GetCounter                           0x08004469   Thumb Code     6  stm32f10x_tim.o(i.TIM_GetCounter)
    TIM_GetITStatus                          0x0800446f   Thumb Code    34  stm32f10x_tim.o(i.TIM_GetITStatus)
    TIM_ICInit                               0x08004491   Thumb Code   150  stm32f10x_tim.o(i.TIM_ICInit)
    TIM_ICStructInit                         0x0800453d   Thumb Code    18  stm32f10x_tim.o(i.TIM_ICStructInit)
    TIM_ITConfig                             0x0800454f   Thumb Code    18  stm32f10x_tim.o(i.TIM_ITConfig)
    TIM_OC1Init                              0x08004561   Thumb Code   132  stm32f10x_tim.o(i.TIM_OC1Init)
    TIM_OC2Init                              0x080045f9   Thumb Code   154  stm32f10x_tim.o(i.TIM_OC2Init)
    TIM_OC3Init                              0x0800469d   Thumb Code   150  stm32f10x_tim.o(i.TIM_OC3Init)
    TIM_OC4Init                              0x0800473d   Thumb Code   114  stm32f10x_tim.o(i.TIM_OC4Init)
    TIM_OCStructInit                         0x080047b9   Thumb Code    20  stm32f10x_tim.o(i.TIM_OCStructInit)
    TIM_SetCompare1                          0x080047cd   Thumb Code     4  stm32f10x_tim.o(i.TIM_SetCompare1)
    TIM_SetCompare2                          0x080047d1   Thumb Code     4  stm32f10x_tim.o(i.TIM_SetCompare2)
    TIM_SetCompare3                          0x080047d5   Thumb Code     4  stm32f10x_tim.o(i.TIM_SetCompare3)
    TIM_SetCompare4                          0x080047d9   Thumb Code     6  stm32f10x_tim.o(i.TIM_SetCompare4)
    TIM_SetCounter                           0x080047df   Thumb Code     4  stm32f10x_tim.o(i.TIM_SetCounter)
    TIM_SetIC1Prescaler                      0x080047e3   Thumb Code    18  stm32f10x_tim.o(i.TIM_SetIC1Prescaler)
    TIM_SetIC2Prescaler                      0x080047f5   Thumb Code    26  stm32f10x_tim.o(i.TIM_SetIC2Prescaler)
    TIM_SetIC3Prescaler                      0x0800480f   Thumb Code    18  stm32f10x_tim.o(i.TIM_SetIC3Prescaler)
    TIM_SetIC4Prescaler                      0x08004821   Thumb Code    26  stm32f10x_tim.o(i.TIM_SetIC4Prescaler)
    TIM_TimeBaseInit                         0x0800483d   Thumb Code   122  stm32f10x_tim.o(i.TIM_TimeBaseInit)
    TIM_TimeBaseStructInit                   0x080048e1   Thumb Code    18  stm32f10x_tim.o(i.TIM_TimeBaseStructInit)
    TRACK_IR4_Init                           0x080048f5   Thumb Code    82  tracking.o(i.TRACK_IR4_Init)
    UART5_IRQHandler                         0x08004951   Thumb Code    46  y_usart.o(i.UART5_IRQHandler)
    USART1_IRQHandler                        0x08004985   Thumb Code    46  y_usart.o(i.USART1_IRQHandler)
    USART2_IRQHandler                        0x080049b9   Thumb Code    46  y_usart.o(i.USART2_IRQHandler)
    USART3_IRQHandler                        0x080049ed   Thumb Code    46  y_usart.o(i.USART3_IRQHandler)
    USART_ClearITPendingBit                  0x08004a21   Thumb Code    30  stm32f10x_usart.o(i.USART_ClearITPendingBit)
    USART_Cmd                                0x08004a3f   Thumb Code    24  stm32f10x_usart.o(i.USART_Cmd)
    USART_DeInit                             0x08004a59   Thumb Code   134  stm32f10x_usart.o(i.USART_DeInit)
    USART_GetFlagStatus                      0x08004af5   Thumb Code    26  stm32f10x_usart.o(i.USART_GetFlagStatus)
    USART_GetITStatus                        0x08004b0f   Thumb Code    84  stm32f10x_usart.o(i.USART_GetITStatus)
    USART_HalfDuplexCmd                      0x08004b63   Thumb Code    24  stm32f10x_usart.o(i.USART_HalfDuplexCmd)
    USART_ITConfig                           0x08004b7b   Thumb Code    74  stm32f10x_usart.o(i.USART_ITConfig)
    USART_Init                               0x08004bc5   Thumb Code   210  stm32f10x_usart.o(i.USART_Init)
    USART_ReceiveData                        0x08004c9d   Thumb Code    10  stm32f10x_usart.o(i.USART_ReceiveData)
    USART_SendData                           0x08004ca7   Thumb Code     8  stm32f10x_usart.o(i.USART_SendData)
    __ARM_fpclassify                         0x08004caf   Thumb Code    40  fpclassify.o(i.__ARM_fpclassify)
    __ieee754_rem_pio2                       0x08004cd9   Thumb Code   828  rred.o(i.__ieee754_rem_pio2)
    __kernel_cos                             0x08005061   Thumb Code   230  cos_i.o(i.__kernel_cos)
    __kernel_poly                            0x0800515d   Thumb Code   170  poly.o(i.__kernel_poly)
    __kernel_sin                             0x08005209   Thumb Code   224  sin_i.o(i.__kernel_sin)
    __mathlib_dbl_infnan                     0x080052f5   Thumb Code     6  dunder.o(i.__mathlib_dbl_infnan)
    __mathlib_dbl_invalid                    0x080052fb   Thumb Code    12  dunder.o(i.__mathlib_dbl_invalid)
    __mathlib_dbl_overflow                   0x08005307   Thumb Code    14  dunder.o(i.__mathlib_dbl_overflow)
    __mathlib_dbl_underflow                  0x08005315   Thumb Code    10  dunder.o(i.__mathlib_dbl_underflow)
    __mathlib_narrow                         0x08005325   Thumb Code    16  narrow.o(i.__mathlib_narrow)
    __mathlib_tofloat                        0x08005335   Thumb Code   184  narrow.o(i.__mathlib_tofloat)
    __support_ldexp                          0x080053f1   Thumb Code    22  ldexp.o(i.__support_ldexp)
    _is_digit                                0x08005407   Thumb Code    14  __printf_wp.o(i._is_digit)
    abs_int                                  0x08005415   Thumb Code    14  y_global.o(i.abs_int)
    acos                                     0x08005425   Thumb Code   574  acos.o(i.acos)
    app_action_run                           0x080056a1   Thumb Code   198  y_global.o(i.app_action_run)
    app_led_run                              0x08005795   Thumb Code    60  main.o(i.app_led_run)
    app_motor_init                           0x080057d9   Thumb Code    12  app_motor.o(i.app_motor_init)
    app_motor_run                            0x080057e5   Thumb Code   288  app_motor.o(i.app_motor_run)
    app_ps2_init                             0x08005919   Thumb Code     8  app_ps2.o(i.app_ps2_init)
    app_ps2_run                              0x08005921   Thumb Code    86  app_ps2.o(i.app_ps2_run)
    app_sensor_init                          0x08005985   Thumb Code    12  app_sensor.o(i.app_sensor_init)
    app_sensor_run                           0x08005991   Thumb Code   114  app_sensor.o(i.app_sensor_run)
    app_uart_init                            0x08005a15   Thumb Code    36  app_uart.o(i.app_uart_init)
    app_uart_run                             0x08005a39   Thumb Code    82  app_uart.o(i.app_uart_run)
    atan                                     0x08005a99   Thumb Code   474  atan.o(i.atan)
    cos                                      0x08005cb9   Thumb Code   148  cos.o(i.cos)
    delay_ms                                 0x08005d55   Thumb Code    32  y_delay.o(i.delay_ms)
    delay_us                                 0x08005d75   Thumb Code    40  y_delay.o(i.delay_us)
    do_group_once                            0x08005d9d   Thumb Code    50  y_global.o(i.do_group_once)
    fputc                                    0x08005dd9   Thumb Code    22  y_usart.o(i.fputc)
    frexp                                    0x08005df5   Thumb Code    80  frexp.o(i.frexp)
    getMaxTime                               0x08005e4d   Thumb Code    92  y_global.o(i.getMaxTime)
    i2c_delay                                0x08005ea9   Thumb Code    14  y_soft_i2c.o(i.i2c_delay)
    i2c_start                                0x08005eb7   Thumb Code    28  y_soft_i2c.o(i.i2c_start)
    i2c_stop                                 0x08005ed3   Thumb Code    24  y_soft_i2c.o(i.i2c_stop)
    i2c_wait_ack                             0x08005eeb   Thumb Code    54  y_soft_i2c.o(i.i2c_wait_ack)
    i2c_write_byte                           0x08005f21   Thumb Code    66  y_soft_i2c.o(i.i2c_write_byte)
    kinematics_analysis                      0x08005f65   Thumb Code  1504  y_kinematics.o(i.kinematics_analysis)
    kinematics_move                          0x08006571   Thumb Code   182  y_global.o(i.kinematics_move)
    ldexp                                    0x08006671   Thumb Code   116  ldexp.o(i.ldexp)
    led_init                                 0x080066e5   Thumb Code    40  y_led.o(i.led_init)
    loop_ps2_car                             0x08006711   Thumb Code   606  app_ps2.o(i.loop_ps2_car)
    main                                     0x0800698d   Thumb Code   118  main.o(i.main)
    millis                                   0x08006a2d   Thumb Code     6  y_timer.o(i.millis)
    motor_init                               0x08006a39   Thumb Code   220  y_motor.o(i.motor_init)
    motor_speed_set                          0x08006b21   Thumb Code    20  app_motor.o(i.motor_speed_set)
    parameter_init                           0x08006b45   Thumb Code   134  main.o(i.parameter_init)
    parse_action                             0x08006bd9   Thumb Code   534  y_global.o(i.parse_action)
    parse_cmd                                0x08006dfd   Thumb Code  1672  y_global.o(i.parse_cmd)
    parse_psx_buf                            0x080074b9   Thumb Code   552  app_ps2.o(i.parse_psx_buf)
    ps2_init                                 0x08007715   Thumb Code   124  y_ps2.o(i.ps2_init)
    ps2_transfer                             0x08007795   Thumb Code   104  y_ps2.o(i.ps2_transfer)
    ps2_write_read                           0x08007801   Thumb Code   116  y_ps2.o(i.ps2_write_read)
    pwmServo_angle_set                       0x0800787d   Thumb Code   288  y_servo.o(i.pwmServo_angle_set)
    pwmServo_bias_set                        0x080079a5   Thumb Code    28  y_servo.o(i.pwmServo_bias_set)
    pwmServo_init                            0x080079c9   Thumb Code    12  y_servo.o(i.pwmServo_init)
    pwmServo_stop_motion                     0x080079d5   Thumb Code    80  y_servo.o(i.pwmServo_stop_motion)
    replace_char                             0x08007a2d   Thumb Code    20  y_global.o(i.replace_char)
    rewrite_eeprom                           0x08007a41   Thumb Code    22  y_global.o(i.rewrite_eeprom)
    save_action                              0x08007a61   Thumb Code   258  y_global.o(i.save_action)
    setup_kinematics                         0x08007da9   Thumb Code    58  y_kinematics.o(i.setup_kinematics)
    sin                                      0x08007de9   Thumb Code   150  sin.o(i.sin)
    soft_i2c_gpio_init                       0x08007e89   Thumb Code    52  y_soft_i2c.o(i.soft_i2c_gpio_init)
    soft_reset                               0x08007ec5   Thumb Code    44  y_global.o(i.soft_reset)
    spi_flash_erase_sector                   0x08007f09   Thumb Code    70  y_flash.o(i.spi_flash_erase_sector)
    spi_flash_init                           0x08007f55   Thumb Code   164  y_flash.o(i.spi_flash_init)
    spi_flash_read                           0x08008009   Thumb Code    84  y_flash.o(i.spi_flash_read)
    spi_flash_read_SR                        0x08008061   Thumb Code    44  y_flash.o(i.spi_flash_read_SR)
    spi_flash_read_id                        0x08008091   Thumb Code    72  y_flash.o(i.spi_flash_read_id)
    spi_flash_wait_busy                      0x080080dd   Thumb Code    18  y_flash.o(i.spi_flash_wait_busy)
    spi_flash_write_enable                   0x080080f1   Thumb Code    32  y_flash.o(i.spi_flash_write_enable)
    spi_flash_write_no_check                 0x08008115   Thumb Code    70  y_flash.o(i.spi_flash_write_no_check)
    spi_flash_write_page                     0x0800815d   Thumb Code   102  y_flash.o(i.spi_flash_write_page)
    spi_set_speed                            0x080081c9   Thumb Code    26  y_flash.o(i.spi_set_speed)
    spi_write_read                           0x080081ed   Thumb Code    78  y_flash.o(i.spi_write_read)
    sqrt                                     0x08008241   Thumb Code    76  sqrt.o(i.sqrt)
    str_contain_str                          0x0800828d   Thumb Code    74  y_global.o(i.str_contain_str)
    uart1_init                               0x08008309   Thumb Code   180  y_usart.o(i.uart1_init)
    uart1_send_byte                          0x080083c5   Thumb Code    28  y_usart.o(i.uart1_send_byte)
    uart1_send_str                           0x080083e5   Thumb Code    22  y_usart.o(i.uart1_send_str)
    uart2_init                               0x080083fd   Thumb Code   168  y_usart.o(i.uart2_init)
    uart2_send_str                           0x080084ad   Thumb Code    38  y_usart.o(i.uart2_send_str)
    uart3_init                               0x080084d9   Thumb Code   172  y_usart.o(i.uart3_init)
    uart3_send_str                           0x0800858d   Thumb Code    62  y_usart.o(i.uart3_send_str)
    uart5_init                               0x080085d1   Thumb Code   158  y_usart.o(i.uart5_init)
    uart5_send_str                           0x08008679   Thumb Code    62  y_usart.o(i.uart5_send_str)
    uart_data_parse                          0x080086bd   Thumb Code   232  y_usart.o(i.uart_data_parse)
    ultrasonic_distance_read                 0x080087b9   Thumb Code   198  ultrasonic.o(i.ultrasonic_distance_read)
    ultrasonic_sensor_init                   0x080088d5   Thumb Code    12  ultrasonic.o(i.ultrasonic_sensor_init)
    zx_uart_send_str                         0x080088e1   Thumb Code   106  y_global.o(i.zx_uart_send_str)
    _get_lc_numeric                          0x08008955   Thumb Code    44  lc_numeric_c.o(locale$$code)
    _get_lc_ctype                            0x08008981   Thumb Code    44  lc_ctype_c.o(locale$$code)
    __aeabi_d2f                              0x080089ad   Thumb Code     0  d2f.o(x$fpl$d2f)
    _d2f                                     0x080089ad   Thumb Code    98  d2f.o(x$fpl$d2f)
    __aeabi_dadd                             0x08008a11   Thumb Code     0  daddsub_clz.o(x$fpl$dadd)
    _dadd                                    0x08008a11   Thumb Code   332  daddsub_clz.o(x$fpl$dadd)
    __fpl_dcheck_NaN1                        0x08008b61   Thumb Code    10  dcheck1.o(x$fpl$dcheck1)
    __fpl_dcmp_Inf                           0x08008b71   Thumb Code    24  dcmpi.o(x$fpl$dcmpinf)
    __aeabi_ddiv                             0x08008b89   Thumb Code     0  ddiv.o(x$fpl$ddiv)
    _ddiv                                    0x08008b89   Thumb Code   552  ddiv.o(x$fpl$ddiv)
    __aeabi_cdcmpeq                          0x08008e39   Thumb Code     0  deqf.o(x$fpl$deqf)
    _dcmpeq                                  0x08008e39   Thumb Code   120  deqf.o(x$fpl$deqf)
    __aeabi_d2iz                             0x08008eb1   Thumb Code     0  dfix.o(x$fpl$dfix)
    _dfix                                    0x08008eb1   Thumb Code    94  dfix.o(x$fpl$dfix)
    __aeabi_i2d                              0x08008f0f   Thumb Code     0  dflt_clz.o(x$fpl$dflt)
    _dflt                                    0x08008f0f   Thumb Code    46  dflt_clz.o(x$fpl$dflt)
    __aeabi_ui2d                             0x08008f3d   Thumb Code     0  dflt_clz.o(x$fpl$dfltu)
    _dfltu                                   0x08008f3d   Thumb Code    38  dflt_clz.o(x$fpl$dfltu)
    __aeabi_cdcmple                          0x08008f65   Thumb Code     0  dleqf.o(x$fpl$dleqf)
    _dcmple                                  0x08008f65   Thumb Code   120  dleqf.o(x$fpl$dleqf)
    __fpl_dcmple_InfNaN                      0x08008fc7   Thumb Code     0  dleqf.o(x$fpl$dleqf)
    __aeabi_dmul                             0x08008fdd   Thumb Code     0  dmul.o(x$fpl$dmul)
    _dmul                                    0x08008fdd   Thumb Code   332  dmul.o(x$fpl$dmul)
    __fpl_dnaninf                            0x08009131   Thumb Code   156  dnaninf.o(x$fpl$dnaninf)
    __fpl_dretinf                            0x080091cd   Thumb Code    12  dretinf.o(x$fpl$dretinf)
    __aeabi_cdrcmple                         0x080091d9   Thumb Code     0  drleqf.o(x$fpl$drleqf)
    _drcmple                                 0x080091d9   Thumb Code   108  drleqf.o(x$fpl$drleqf)
    __aeabi_drsub                            0x08009245   Thumb Code     0  daddsub_clz.o(x$fpl$drsb)
    _drsb                                    0x08009245   Thumb Code    22  daddsub_clz.o(x$fpl$drsb)
    _dsqrt                                   0x0800925d   Thumb Code   456  dsqrt_noumaal.o(x$fpl$dsqrt)
    __aeabi_dsub                             0x08009429   Thumb Code     0  daddsub_clz.o(x$fpl$dsub)
    _dsub                                    0x08009429   Thumb Code   464  daddsub_clz.o(x$fpl$dsub)
    __aeabi_f2d                              0x080095fd   Thumb Code     0  f2d.o(x$fpl$f2d)
    _f2d                                     0x080095fd   Thumb Code    86  f2d.o(x$fpl$f2d)
    __aeabi_fadd                             0x08009655   Thumb Code     0  faddsub_clz.o(x$fpl$fadd)
    _fadd                                    0x08009655   Thumb Code   196  faddsub_clz.o(x$fpl$fadd)
    __fpl_fcmp_Inf                           0x08009719   Thumb Code    24  fcmpi.o(x$fpl$fcmpinf)
    __aeabi_fdiv                             0x08009731   Thumb Code     0  fdiv.o(x$fpl$fdiv)
    _fdiv                                    0x08009731   Thumb Code   384  fdiv.o(x$fpl$fdiv)
    __aeabi_cfcmpeq                          0x080098b5   Thumb Code     0  feqf.o(x$fpl$feqf)
    _fcmpeq                                  0x080098b5   Thumb Code   104  feqf.o(x$fpl$feqf)
    __aeabi_f2iz                             0x0800991d   Thumb Code     0  ffix.o(x$fpl$ffix)
    _ffix                                    0x0800991d   Thumb Code    54  ffix.o(x$fpl$ffix)
    __aeabi_f2uiz                            0x08009955   Thumb Code     0  ffixu.o(x$fpl$ffixu)
    _ffixu                                   0x08009955   Thumb Code    62  ffixu.o(x$fpl$ffixu)
    __aeabi_i2f                              0x08009995   Thumb Code     0  fflt_clz.o(x$fpl$fflt)
    _fflt                                    0x08009995   Thumb Code    48  fflt_clz.o(x$fpl$fflt)
    __aeabi_ui2f                             0x080099c5   Thumb Code     0  fflt_clz.o(x$fpl$ffltu)
    _ffltu                                   0x080099c5   Thumb Code    38  fflt_clz.o(x$fpl$ffltu)
    __aeabi_cfcmple                          0x080099ed   Thumb Code     0  fleqf.o(x$fpl$fleqf)
    _fcmple                                  0x080099ed   Thumb Code   104  fleqf.o(x$fpl$fleqf)
    __fpl_fcmple_InfNaN                      0x08009a3f   Thumb Code     0  fleqf.o(x$fpl$fleqf)
    __aeabi_fmul                             0x08009a55   Thumb Code     0  fmul.o(x$fpl$fmul)
    _fmul                                    0x08009a55   Thumb Code   258  fmul.o(x$fpl$fmul)
    __fpl_fnaninf                            0x08009b57   Thumb Code   140  fnaninf.o(x$fpl$fnaninf)
    __fpl_fretinf                            0x08009be3   Thumb Code    10  fretinf.o(x$fpl$fretinf)
    __aeabi_cfrcmple                         0x08009bed   Thumb Code     0  frleqf.o(x$fpl$frleqf)
    _frcmple                                 0x08009bed   Thumb Code    98  frleqf.o(x$fpl$frleqf)
    __aeabi_frsub                            0x08009c4f   Thumb Code     0  faddsub_clz.o(x$fpl$frsb)
    _frsb                                    0x08009c4f   Thumb Code    20  faddsub_clz.o(x$fpl$frsb)
    __aeabi_fsub                             0x08009c65   Thumb Code     0  faddsub_clz.o(x$fpl$fsub)
    _fsub                                    0x08009c65   Thumb Code   234  faddsub_clz.o(x$fpl$fsub)
    __ieee_status                            0x08009d4f   Thumb Code     6  istatus.o(x$fpl$ieeestatus)
    __fpl_return_NaN                         0x08009d55   Thumb Code   100  retnan.o(x$fpl$retnan)
    __ARM_scalbn                             0x08009db9   Thumb Code    92  scalbn.o(x$fpl$scalbn)
    _scanf_real                              0x08009e15   Thumb Code     4  scanf1.o(x$fpl$scanf1)
    _scanf_hex_real                          0x08009e19   Thumb Code     4  scanf2.o(x$fpl$scanf2)
    _scanf_infnan                            0x08009e1d   Thumb Code     4  scanf2.o(x$fpl$scanf2)
    __fpl_cmpreturn                          0x08009e21   Thumb Code    48  trapv.o(x$fpl$trapveneer)
    F6x8                                     0x08009e50   Data         552  resource.o(.constdata)
    __I$use$fp                               0x08009e50   Number         0  usenofp.o(x$fpl$usenofp)
    F8X16                                    0x0800a078   Data        1520  resource.o(.constdata)
    __stdin_name                             0x0800a944   Data           4  sys_io.o(.constdata)
    __stdout_name                            0x0800a948   Data           4  sys_io.o(.constdata)
    __stderr_name                            0x0800a94c   Data           4  sys_io.o(.constdata)
    Region$$Table$$Base                      0x0800add8   Number         0  anon$$obj.o(Region$$Table)
    Region$$Table$$Limit                     0x0800adf8   Number         0  anon$$obj.o(Region$$Table)
    __aeabi_HUGE_VAL                         0x0800adf8   Data           0  fpconst.o(c$$dinf)
    __aeabi_HUGE_VALL                        0x0800adf8   Data           0  fpconst.o(c$$dinf)
    __aeabi_INFINITY                         0x0800adf8   Data           0  fpconst.o(c$$dinf)
    __dInf                                   0x0800adf8   Data           0  fpconst.o(c$$dinf)
    __huge_val                               0x0800adf8   Data           0  fpconst.o(c$$dinf)
    __dbl_max                                0x0800ae00   Data           0  fpconst.o(c$$dmax)
    __ctype                                  0x0800ae31   Data           0  lc_ctype_c.o(locale$$data)
    SystemCoreClock                          0x20000000   Data           4  system_stm32f10x.o(.data)
    AHBPrescTable                            0x20000004   Data          16  system_stm32f10x.o(.data)
    pre_cmd_set_red                          0x20000028   Data          64  app_ps2.o(.data)
    pre_cmd_set_grn                          0x20000068   Data          64  app_ps2.o(.data)
    xunji_mode                               0x200000c8   Data           1  app_sensor.o(.data)
    IR_X3                                    0x200000c9   Data           1  app_sensor.o(.data)
    IR_X2                                    0x200000ca   Data           1  app_sensor.o(.data)
    IR_X4                                    0x200000cb   Data           1  app_sensor.o(.data)
    IR_X1                                    0x200000cc   Data           1  app_sensor.o(.data)
    trackState                               0x200000d0   Data           4  app_sensor.o(.data)
    T_cross                                  0x200000d4   Data           4  app_sensor.o(.data)
    flag_F                                   0x200000d8   Data           4  app_sensor.o(.data)
    forbid_F                                 0x200000dc   Data           4  app_sensor.o(.data)
    GPIO_InitStructure                       0x200000fc   Data           4  y_flash.o(.data)
    FONT_COLOR                               0x20000101   Data         160  resource.o(.data)
    MAP3                                     0x200001a1   Data         160  resource.o(.data)
    MAP2                                     0x20000241   Data         160  resource.o(.data)
    MAP1                                     0x200002e1   Data         160  resource.o(.data)
    CAR_COLOR_TRACE                          0x20000381   Data         192  resource.o(.data)
    PTZ_COLOR_TRACE                          0x20000441   Data         192  resource.o(.data)
    ARM_COLOR_TRACE                          0x20000501   Data         224  resource.o(.data)
    AprilTag_Sort                            0x200005e1   Data         224  resource.o(.data)
    AprilTag_Stack                           0x200006c1   Data         224  resource.o(.data)
    COLOR_TRACE_GRASP                        0x200007a1   Data         192  resource.o(.data)
    FACE_TRACE                               0x20000861   Data         128  resource.o(.data)
    group_do_ok                              0x200008e8   Data           1  y_global.o(.data)
    AI_mode                                  0x200008e9   Data           1  y_global.o(.data)
    forbid_turn                              0x200008ea   Data           1  y_global.o(.data)
    uart_receive_num                         0x200008eb   Data           1  y_global.o(.data)
    action_time                              0x200008ec   Data           4  y_global.o(.data)
    do_start_index                           0x200008f0   Data           4  y_global.o(.data)
    do_group_cnt                             0x200008f4   Data           4  y_global.o(.data)
    group_num_start                          0x200008f8   Data           4  y_global.o(.data)
    group_num_end                            0x200008fc   Data           4  y_global.o(.data)
    group_num_cnt                            0x20000900   Data           4  y_global.o(.data)
    oled_mode                                0x20000904   Data           4  y_global.o(.data)
    mv_mode                                  0x20000908   Data           4  y_global.o(.data)
    motor_kp                                 0x20000918   Data           2  y_motor.o(.data)
    motor_kd                                 0x2000091a   Data           2  y_motor.o(.data)
    uart_get_ok                              0x20000956   Data           2  y_usart.o(.data)
    uart_mode                                0x20000958   Data           1  y_usart.o(.data)
    __aeabi_stdin                            0x2000095c   Data           4  stdio_streams.o(.data)
    __aeabi_stdout                           0x20000960   Data           4  stdio_streams.o(.data)
    __aeabi_stderr                           0x20000964   Data           4  stdio_streams.o(.data)
    SPI_InitStructure                        0x20000968   Data          18  y_flash.o(.bss)
    W25Q_BUF                                 0x2000097a   Data        4096  y_flash.o(.bss)
    psx_buf                                  0x2000197a   Data           9  y_ps2.o(.bss)
    cmd_return                               0x20001984   Data        1024  y_global.o(.bss)
    eeprom_info                              0x20001d84   Data         196  y_global.o(.bss)
    kinematics                               0x20001e48   Data          88  y_kinematics.o(.bss)
    Wheel_A                                  0x20001ea0   Data          24  y_motor.o(.bss)
    Wheel_B                                  0x20001eb8   Data          24  y_motor.o(.bss)
    Wheel_C                                  0x20001ed0   Data          24  y_motor.o(.bss)
    Wheel_D                                  0x20001ee8   Data          24  y_motor.o(.bss)
    pwmServo_angle                           0x20001f00   Data         128  y_servo.o(.bss)
    uart_receive_buf                         0x20001f80   Data        1024  y_usart.o(.bss)
    __stdin                                  0x20002394   Data          84  stdio_streams.o(.bss)
    __stdout                                 0x200023e8   Data          84  stdio_streams.o(.bss)
    __stderr                                 0x2000243c   Data          84  stdio_streams.o(.bss)
    __libspace_start                         0x20002490   Data          96  libspace.o(.bss)
    __temporary_stack_top$libspace           0x200024f0   Data           0  libspace.o(.bss)



==============================================================================

Memory Map of the image

  Image Entry point : 0x08000131

  Load Region LR_IROM1 (Base: 0x08000000, Size: 0x0000b89c, Max: 0x00040000, ABSOLUTE, COMPRESSED[0x0000b368])

    Execution Region ER_IROM1 (Exec base: 0x08000000, Load base: 0x08000000, Size: 0x0000af34, Max: 0x00040000, ABSOLUTE)

    Exec Addr    Load Addr    Size         Type   Attr      Idx    E Section Name        Object

    0x08000000   0x08000000   0x00000130   Data   RO          132    RESET               startup_stm32f10x_hd.o
    0x08000130   0x08000130   0x00000008   Code   RO         4401  * !!!main             c_w.l(__main.o)
    0x08000138   0x08000138   0x00000034   Code   RO         4984    !!!scatter          c_w.l(__scatter.o)
    0x0800016c   0x0800016c   0x00000064   Code   RO         4982    !!dclz77c           c_w.l(__dclz77c.o)
    0x080001d0   0x080001d0   0x0000001c   Code   RO         4986    !!handler_zi        c_w.l(__scatter_zi.o)
    0x080001ec   0x080001ec   0x00000000   Code   RO         4384    .ARM.Collect$$_printf_percent$$00000000  c_w.l(_printf_percent.o)
    0x080001ec   0x080001ec   0x00000006   Code   RO         4383    .ARM.Collect$$_printf_percent$$00000009  c_w.l(_printf_d.o)
    0x080001f2   0x080001f2   0x00000006   Code   RO         4382    .ARM.Collect$$_printf_percent$$0000000C  c_w.l(_printf_x.o)
    0x080001f8   0x080001f8   0x00000004   Code   RO         4522    .ARM.Collect$$_printf_percent$$00000017  c_w.l(_printf_percent_end.o)
    0x080001fc   0x080001fc   0x00000002   Code   RO         4773    .ARM.Collect$$libinit$$00000000  c_w.l(libinit.o)
    0x080001fe   0x080001fe   0x00000000   Code   RO         4775    .ARM.Collect$$libinit$$00000002  c_w.l(libinit2.o)
    0x080001fe   0x080001fe   0x00000000   Code   RO         4777    .ARM.Collect$$libinit$$00000004  c_w.l(libinit2.o)
    0x080001fe   0x080001fe   0x00000008   Code   RO         4778    .ARM.Collect$$libinit$$00000005  c_w.l(libinit2.o)
    0x08000206   0x08000206   0x00000000   Code   RO         4780    .ARM.Collect$$libinit$$0000000A  c_w.l(libinit2.o)
    0x08000206   0x08000206   0x00000000   Code   RO         4782    .ARM.Collect$$libinit$$0000000C  c_w.l(libinit2.o)
    0x08000206   0x08000206   0x00000000   Code   RO         4784    .ARM.Collect$$libinit$$0000000E  c_w.l(libinit2.o)
    0x08000206   0x08000206   0x00000006   Code   RO         4785    .ARM.Collect$$libinit$$0000000F  c_w.l(libinit2.o)
    0x0800020c   0x0800020c   0x00000000   Code   RO         4787    .ARM.Collect$$libinit$$00000011  c_w.l(libinit2.o)
    0x0800020c   0x0800020c   0x0000000c   Code   RO         4788    .ARM.Collect$$libinit$$00000012  c_w.l(libinit2.o)
    0x08000218   0x08000218   0x00000000   Code   RO         4789    .ARM.Collect$$libinit$$00000013  c_w.l(libinit2.o)
    0x08000218   0x08000218   0x00000000   Code   RO         4791    .ARM.Collect$$libinit$$00000015  c_w.l(libinit2.o)
    0x08000218   0x08000218   0x0000000a   Code   RO         4792    .ARM.Collect$$libinit$$00000016  c_w.l(libinit2.o)
    0x08000222   0x08000222   0x00000000   Code   RO         4793    .ARM.Collect$$libinit$$00000017  c_w.l(libinit2.o)
    0x08000222   0x08000222   0x00000000   Code   RO         4795    .ARM.Collect$$libinit$$00000019  c_w.l(libinit2.o)
    0x08000222   0x08000222   0x00000000   Code   RO         4797    .ARM.Collect$$libinit$$0000001B  c_w.l(libinit2.o)
    0x08000222   0x08000222   0x00000000   Code   RO         4799    .ARM.Collect$$libinit$$0000001D  c_w.l(libinit2.o)
    0x08000222   0x08000222   0x00000000   Code   RO         4801    .ARM.Collect$$libinit$$0000001F  c_w.l(libinit2.o)
    0x08000222   0x08000222   0x00000000   Code   RO         4803    .ARM.Collect$$libinit$$00000021  c_w.l(libinit2.o)
    0x08000222   0x08000222   0x00000000   Code   RO         4805    .ARM.Collect$$libinit$$00000023  c_w.l(libinit2.o)
    0x08000222   0x08000222   0x00000004   Code   RO         4806    .ARM.Collect$$libinit$$00000024  c_w.l(libinit2.o)
    0x08000226   0x08000226   0x00000000   Code   RO         4807    .ARM.Collect$$libinit$$00000025  c_w.l(libinit2.o)
    0x08000226   0x08000226   0x00000000   Code   RO         4811    .ARM.Collect$$libinit$$0000002C  c_w.l(libinit2.o)
    0x08000226   0x08000226   0x00000000   Code   RO         4813    .ARM.Collect$$libinit$$0000002E  c_w.l(libinit2.o)
    0x08000226   0x08000226   0x00000000   Code   RO         4815    .ARM.Collect$$libinit$$00000030  c_w.l(libinit2.o)
    0x08000226   0x08000226   0x00000000   Code   RO         4817    .ARM.Collect$$libinit$$00000032  c_w.l(libinit2.o)
    0x08000226   0x08000226   0x00000002   Code   RO         4818    .ARM.Collect$$libinit$$00000033  c_w.l(libinit2.o)
    0x08000228   0x08000228   0x00000002   Code   RO         4961    .ARM.Collect$$libshutdown$$00000000  c_w.l(libshutdown.o)
    0x0800022a   0x0800022a   0x00000000   Code   RO         4820    .ARM.Collect$$libshutdown$$00000002  c_w.l(libshutdown2.o)
    0x0800022a   0x0800022a   0x00000004   Code   RO         4821    .ARM.Collect$$libshutdown$$00000003  c_w.l(libshutdown2.o)
    0x0800022e   0x0800022e   0x00000000   Code   RO         4822    .ARM.Collect$$libshutdown$$00000004  c_w.l(libshutdown2.o)
    0x0800022e   0x0800022e   0x00000000   Code   RO         4825    .ARM.Collect$$libshutdown$$00000007  c_w.l(libshutdown2.o)
    0x0800022e   0x0800022e   0x00000000   Code   RO         4828    .ARM.Collect$$libshutdown$$0000000A  c_w.l(libshutdown2.o)
    0x0800022e   0x0800022e   0x00000000   Code   RO         4830    .ARM.Collect$$libshutdown$$0000000C  c_w.l(libshutdown2.o)
    0x0800022e   0x0800022e   0x00000000   Code   RO         4833    .ARM.Collect$$libshutdown$$0000000F  c_w.l(libshutdown2.o)
    0x0800022e   0x0800022e   0x00000002   Code   RO         4834    .ARM.Collect$$libshutdown$$00000010  c_w.l(libshutdown2.o)
    0x08000230   0x08000230   0x00000000   Code   RO         4511    .ARM.Collect$$rtentry$$00000000  c_w.l(__rtentry.o)
    0x08000230   0x08000230   0x00000000   Code   RO         4589    .ARM.Collect$$rtentry$$00000002  c_w.l(__rtentry2.o)
    0x08000230   0x08000230   0x00000006   Code   RO         4601    .ARM.Collect$$rtentry$$00000004  c_w.l(__rtentry4.o)
    0x08000236   0x08000236   0x00000000   Code   RO         4591    .ARM.Collect$$rtentry$$00000009  c_w.l(__rtentry2.o)
    0x08000236   0x08000236   0x00000004   Code   RO         4592    .ARM.Collect$$rtentry$$0000000A  c_w.l(__rtentry2.o)
    0x0800023a   0x0800023a   0x00000000   Code   RO         4594    .ARM.Collect$$rtentry$$0000000C  c_w.l(__rtentry2.o)
    0x0800023a   0x0800023a   0x00000008   Code   RO         4595    .ARM.Collect$$rtentry$$0000000D  c_w.l(__rtentry2.o)
    0x08000242   0x08000242   0x00000002   Code   RO         4846    .ARM.Collect$$rtexit$$00000000  c_w.l(rtexit.o)
    0x08000244   0x08000244   0x00000000   Code   RO         4911    .ARM.Collect$$rtexit$$00000002  c_w.l(rtexit2.o)
    0x08000244   0x08000244   0x00000004   Code   RO         4912    .ARM.Collect$$rtexit$$00000003  c_w.l(rtexit2.o)
    0x08000248   0x08000248   0x00000006   Code   RO         4913    .ARM.Collect$$rtexit$$00000004  c_w.l(rtexit2.o)
    0x0800024e   0x0800024e   0x00000002   PAD
    0x08000250   0x08000250   0x00000000   Code   RO         4917    .emb_text           c_w.l(maybetermalloc1.o)
    0x08000250   0x08000250   0x00000040   Code   RO          133    .text               startup_stm32f10x_hd.o
    0x08000290   0x08000290   0x00000018   Code   RO         4331    .text               c_w.l(noretval__2printf.o)
    0x080002a8   0x080002a8   0x00000028   Code   RO         4333    .text               c_w.l(noretval__2sprintf.o)
    0x080002d0   0x080002d0   0x0000004e   Code   RO         4337    .text               c_w.l(_printf_pad.o)
    0x0800031e   0x0800031e   0x00000002   PAD
    0x08000320   0x08000320   0x00000078   Code   RO         4339    .text               c_w.l(_printf_dec.o)
    0x08000398   0x08000398   0x00000058   Code   RO         4344    .text               c_w.l(_printf_hex_int.o)
    0x080003f0   0x080003f0   0x00000138   Code   RO         4374    .text               c_w.l(__printf_flags_wp.o)
    0x08000528   0x08000528   0x0000003c   Code   RO         4385    .text               c_w.l(__0sscanf.o)
    0x08000564   0x08000564   0x0000014c   Code   RO         4387    .text               c_w.l(_scanf_int.o)
    0x080006b0   0x080006b0   0x00000048   Code   RO         4389    .text               c_w.l(strcpy.o)
    0x080006f8   0x080006f8   0x0000003e   Code   RO         4391    .text               c_w.l(strlen.o)
    0x08000736   0x08000736   0x0000008a   Code   RO         4393    .text               c_w.l(rt_memcpy_v6.o)
    0x080007c0   0x080007c0   0x00000044   Code   RO         4395    .text               c_w.l(rt_memclr.o)
    0x08000804   0x08000804   0x0000004e   Code   RO         4397    .text               c_w.l(rt_memclr_w.o)
    0x08000852   0x08000852   0x00000006   Code   RO         4399    .text               c_w.l(heapauxi.o)
    0x08000858   0x08000858   0x00000016   Code   RO         4512    .text               c_w.l(_rserrno.o)
    0x0800086e   0x0800086e   0x000000b2   Code   RO         4514    .text               c_w.l(_printf_intcommon.o)
    0x08000920   0x08000920   0x00000030   Code   RO         4516    .text               c_w.l(_printf_char_common.o)
    0x08000950   0x08000950   0x0000000a   Code   RO         4518    .text               c_w.l(_sputc.o)
    0x0800095a   0x0800095a   0x00000002   PAD
    0x0800095c   0x0800095c   0x00000024   Code   RO         4520    .text               c_w.l(_printf_char_file.o)
    0x08000980   0x08000980   0x0000001c   Code   RO         4523    .text               c_w.l(_chval.o)
    0x0800099c   0x0800099c   0x000004f8   Code   RO         4525    .text               c_w.l(scanf_fp.o)
    0x08000e94   0x08000e94   0x0000002c   Code   RO         4527    .text               c_w.l(scanf_char.o)
    0x08000ec0   0x08000ec0   0x00000040   Code   RO         4529    .text               c_w.l(_sgetc.o)
    0x08000f00   0x08000f00   0x00000064   Code   RO         4537    .text               c_w.l(rt_memcpy_w.o)
    0x08000f64   0x08000f64   0x00000008   Code   RO         4606    .text               c_w.l(rt_locale_intlibspace.o)
    0x08000f6c   0x08000f6c   0x00000008   Code   RO         4611    .text               c_w.l(rt_errno_addr_intlibspace.o)
    0x08000f74   0x08000f74   0x00000012   Code   RO         4613    .text               c_w.l(isspace.o)
    0x08000f86   0x08000f86   0x00000002   PAD
    0x08000f88   0x08000f88   0x00000374   Code   RO         4617    .text               c_w.l(_scanf.o)
    0x080012fc   0x080012fc   0x000000e4   Code   RO         4619    .text               c_w.l(bigflt0.o)
    0x080013e0   0x080013e0   0x00000008   Code   RO         4644    .text               c_w.l(ferror.o)
    0x080013e8   0x080013e8   0x00000138   Code   RO         4646    .text               c_w.l(initio.o)
    0x08001520   0x08001520   0x00000066   Code   RO         4675    .text               c_w.l(sys_io.o)
    0x08001586   0x08001586   0x00000002   PAD
    0x08001588   0x08001588   0x00000008   Code   RO         4680    .text               c_w.l(libspace.o)
    0x08001590   0x08001590   0x0000004a   Code   RO         4685    .text               c_w.l(sys_stackheap_outer.o)
    0x080015da   0x080015da   0x00000002   PAD
    0x080015dc   0x080015dc   0x00000010   Code   RO         4687    .text               c_w.l(rt_ctype_table.o)
    0x080015ec   0x080015ec   0x0000004e   Code   RO         4691    .text               c_w.l(h1_free.o)
    0x0800163a   0x0800163a   0x00000002   PAD
    0x0800163c   0x0800163c   0x00000320   Code   RO         4745    .text               c_w.l(scanf_hexfp.o)
    0x0800195c   0x0800195c   0x00000134   Code   RO         4747    .text               c_w.l(scanf_infnan.o)
    0x08001a90   0x08001a90   0x00000046   Code   RO         4749    .text               c_w.l(setvbuf.o)
    0x08001ad6   0x08001ad6   0x00000002   PAD
    0x08001ad8   0x08001ad8   0x000000ec   Code   RO         4752    .text               c_w.l(fopen.o)
    0x08001bc4   0x08001bc4   0x0000004c   Code   RO         4754    .text               c_w.l(fclose.o)
    0x08001c10   0x08001c10   0x00000012   Code   RO         4760    .text               c_w.l(exit.o)
    0x08001c22   0x08001c22   0x0000000e   Code   RO         4762    .text               c_w.l(defsig_rtred_outer.o)
    0x08001c30   0x08001c30   0x00000080   Code   RO         4766    .text               c_w.l(strcmpv7m.o)
    0x08001cb0   0x08001cb0   0x00000002   Code   RO         4843    .text               c_w.l(use_no_semi.o)
    0x08001cb2   0x08001cb2   0x00000000   Code   RO         4845    .text               c_w.l(indicate_semi.o)
    0x08001cb2   0x08001cb2   0x00000002   PAD
    0x08001cb4   0x08001cb4   0x00000008   Code   RO         4853    .text               c_w.l(rt_heap_descriptor_intlibspace.o)
    0x08001cbc   0x08001cbc   0x00000004   Code   RO         4855    .text               c_w.l(hguard.o)
    0x08001cc0   0x08001cc0   0x0000008a   Code   RO         4857    .text               c_w.l(init_alloc.o)
    0x08001d4a   0x08001d4a   0x0000005e   Code   RO         4863    .text               c_w.l(h1_alloc.o)
    0x08001da8   0x08001da8   0x00000026   Code   RO         4877    .text               c_w.l(llshl.o)
    0x08001dce   0x08001dce   0x00000002   PAD
    0x08001dd0   0x08001dd0   0x000000f8   Code   RO         4879    .text               c_w.l(fseek.o)
    0x08001ec8   0x08001ec8   0x000000f0   Code   RO         4881    .text               c_w.l(stdio.o)
    0x08001fb8   0x08001fb8   0x0000000a   Code   RO         4886    .text               c_w.l(defsig_exit.o)
    0x08001fc2   0x08001fc2   0x00000002   PAD
    0x08001fc4   0x08001fc4   0x00000034   Code   RO         4888    .text               c_w.l(defsig_rtred_inner.o)
    0x08001ff8   0x08001ff8   0x0000000c   Code   RO         4908    .text               c_w.l(sys_exit.o)
    0x08002004   0x08002004   0x0000000e   Code   RO         4919    .text               c_w.l(h1_init.o)
    0x08002012   0x08002012   0x00000034   Code   RO         4921    .text               c_w.l(h1_extend.o)
    0x08002046   0x08002046   0x00000042   Code   RO         4927    .text               c_w.l(ftell.o)
    0x08002088   0x08002088   0x00000032   Code   RO         4931    .text               c_w.l(defsig_general.o)
    0x080020ba   0x080020ba   0x0000000e   Code   RO         4933    .text               c_w.l(defsig_rtmem_outer.o)
    0x080020c8   0x080020c8   0x0000000e   Code   RO         4947    .text               c_w.l(sys_wrch.o)
    0x080020d6   0x080020d6   0x00000002   PAD
    0x080020d8   0x080020d8   0x00000050   Code   RO         4955    .text               c_w.l(defsig_rtmem_inner.o)
    0x08002128   0x08002128   0x00000338   Code   RO         4632    CL$$btod_div_common  c_w.l(btod.o)
    0x08002460   0x08002460   0x00000084   Code   RO         4630    CL$$btod_e2d        c_w.l(btod.o)
    0x080024e4   0x080024e4   0x000000dc   Code   RO         4629    CL$$btod_e2e        c_w.l(btod.o)
    0x080025c0   0x080025c0   0x0000002a   Code   RO         4626    CL$$btod_ediv       c_w.l(btod.o)
    0x080025ea   0x080025ea   0x0000002a   Code   RO         4628    CL$$btod_edivd      c_w.l(btod.o)
    0x08002614   0x08002614   0x0000002a   Code   RO         4625    CL$$btod_emul       c_w.l(btod.o)
    0x0800263e   0x0800263e   0x0000002a   Code   RO         4627    CL$$btod_emuld      c_w.l(btod.o)
    0x08002668   0x08002668   0x00000244   Code   RO         4631    CL$$btod_mult_common  c_w.l(btod.o)
    0x080028ac   0x080028ac   0x00000070   Code   RO         3249    i.AI_gensui_moshi   app_sensor.o
    0x0800291c   0x0800291c   0x00000168   Code   RO         3250    i.AI_xunji_moshi    app_sensor.o
    0x08002a84   0x08002a84   0x000002c0   Code   RO         3251    i.AI_xunji_moshi_pro  app_sensor.o
    0x08002d44   0x08002d44   0x000000cc   Code   RO         3252    i.AI_ziyou_bizhang  app_sensor.o
    0x08002e10   0x08002e10   0x00000014   Code   RO         3836    i.ENCODER_A_GetCounter  y_encoder.o
    0x08002e24   0x08002e24   0x00000014   Code   RO         3837    i.ENCODER_B_GetCounter  y_encoder.o
    0x08002e38   0x08002e38   0x00000014   Code   RO         3838    i.ENCODER_C_GetCounter  y_encoder.o
    0x08002e4c   0x08002e4c   0x00000014   Code   RO         3839    i.ENCODER_D_GetCounter  y_encoder.o
    0x08002e60   0x08002e60   0x00000014   Code   RO         3840    i.Encoder_Init      y_encoder.o
    0x08002e74   0x08002e74   0x000000c0   Code   RO         3841    i.Encoder_Init_TIM2  y_encoder.o
    0x08002f34   0x08002f34   0x000000b8   Code   RO         3842    i.Encoder_Init_TIM3  y_encoder.o
    0x08002fec   0x08002fec   0x000000b8   Code   RO         3843    i.Encoder_Init_TIM4  y_encoder.o
    0x080030a4   0x080030a4   0x000000b8   Code   RO         3844    i.Encoder_Init_TIM5  y_encoder.o
    0x0800315c   0x0800315c   0x00000116   Code   RO         1292    i.GPIO_Init         stm32f10x_gpio.o
    0x08003272   0x08003272   0x00000002   PAD
    0x08003274   0x08003274   0x00000090   Code   RO         1294    i.GPIO_PinRemapConfig  stm32f10x_gpio.o
    0x08003304   0x08003304   0x00000012   Code   RO         1296    i.GPIO_ReadInputDataBit  stm32f10x_gpio.o
    0x08003316   0x08003316   0x00000012   Code   RO         1298    i.GPIO_ReadOutputDataBit  stm32f10x_gpio.o
    0x08003328   0x08003328   0x00000004   Code   RO         1299    i.GPIO_ResetBits    stm32f10x_gpio.o
    0x0800332c   0x0800332c   0x00000004   Code   RO         1300    i.GPIO_SetBits      stm32f10x_gpio.o
    0x08003330   0x08003330   0x0000000a   Code   RO         1303    i.GPIO_WriteBit     stm32f10x_gpio.o
    0x0800333a   0x0800333a   0x00000002   PAD
    0x0800333c   0x0800333c   0x00000010   Code   RO         3679    i.I2C_SCL_H         y_soft_i2c.o
    0x0800334c   0x0800334c   0x00000010   Code   RO         3680    i.I2C_SCL_L         y_soft_i2c.o
    0x0800335c   0x0800335c   0x00000010   Code   RO         3681    i.I2C_SDA_H         y_soft_i2c.o
    0x0800336c   0x0800336c   0x00000010   Code   RO         3682    i.I2C_SDA_L         y_soft_i2c.o
    0x0800337c   0x0800337c   0x00000010   Code   RO         3683    i.I2C_SDA_Read      y_soft_i2c.o
    0x0800338c   0x0800338c   0x00000040   Code   RO         3534    i.I2C_WriteByte     y_oled.o
    0x080033cc   0x080033cc   0x00000058   Code   RO         4056    i.MOTOR_A_SetSpeed  y_motor.o
    0x08003424   0x08003424   0x00000058   Code   RO         4057    i.MOTOR_B_SetSpeed  y_motor.o
    0x0800347c   0x0800347c   0x00000058   Code   RO         4058    i.MOTOR_C_SetSpeed  y_motor.o
    0x080034d4   0x080034d4   0x00000058   Code   RO         4059    i.MOTOR_D_SetSpeed  y_motor.o
    0x0800352c   0x0800352c   0x00000070   Code   RO          137    i.NVIC_Init         misc.o
    0x0800359c   0x0800359c   0x0000000a   Code   RO         3535    i.OLED_CLS          y_oled.o
    0x080035a6   0x080035a6   0x0000003a   Code   RO         3537    i.OLED_Fill         y_oled.o
    0x080035e0   0x080035e0   0x000000be   Code   RO         3538    i.OLED_Init         y_oled.o
    0x0800369e   0x0800369e   0x00000050   Code   RO         3541    i.OLED_P16x16Ch     y_oled.o
    0x080036ee   0x080036ee   0x00000002   PAD
    0x080036f0   0x080036f0   0x00000064   Code   RO         3542    i.OLED_P6x8Str      y_oled.o
    0x08003754   0x08003754   0x0000008c   Code   RO         3543    i.OLED_P8x16Str     y_oled.o
    0x080037e0   0x080037e0   0x00000028   Code   RO         3544    i.OLED_Set_Pos      y_oled.o
    0x08003808   0x08003808   0x000000f4   Code   RO         3310    i.OLED_Show_Motor_Speed  main.o
    0x080038fc   0x080038fc   0x0000001c   Code   RO         3546    i.OLED_TEST         y_oled.o
    0x08003918   0x08003918   0x0000000e   Code   RO         3547    i.OLED_Write_Cmd    y_oled.o
    0x08003926   0x08003926   0x0000000e   Code   RO         3548    i.OLED_Write_Dat    y_oled.o
    0x08003934   0x08003934   0x00000020   Code   RO         1708    i.RCC_APB1PeriphClockCmd  stm32f10x_rcc.o
    0x08003954   0x08003954   0x00000020   Code   RO         1709    i.RCC_APB1PeriphResetCmd  stm32f10x_rcc.o
    0x08003974   0x08003974   0x00000020   Code   RO         1710    i.RCC_APB2PeriphClockCmd  stm32f10x_rcc.o
    0x08003994   0x08003994   0x00000020   Code   RO         1711    i.RCC_APB2PeriphResetCmd  stm32f10x_rcc.o
    0x080039b4   0x080039b4   0x000000d4   Code   RO         1718    i.RCC_GetClocksFreq  stm32f10x_rcc.o
    0x08003a88   0x08003a88   0x000000c4   Code   RO         4060    i.SPEED_PidCtlA     y_motor.o
    0x08003b4c   0x08003b4c   0x000000c4   Code   RO         4061    i.SPEED_PidCtlB     y_motor.o
    0x08003c10   0x08003c10   0x000000c4   Code   RO         4062    i.SPEED_PidCtlC     y_motor.o
    0x08003cd4   0x08003cd4   0x000000c4   Code   RO         4063    i.SPEED_PidCtlD     y_motor.o
    0x08003d98   0x08003d98   0x00000018   Code   RO         2187    i.SPI_Cmd           stm32f10x_spi.o
    0x08003db0   0x08003db0   0x00000012   Code   RO         2195    i.SPI_I2S_GetFlagStatus  stm32f10x_spi.o
    0x08003dc2   0x08003dc2   0x00000006   Code   RO         2198    i.SPI_I2S_ReceiveData  stm32f10x_spi.o
    0x08003dc8   0x08003dc8   0x00000004   Code   RO         2199    i.SPI_I2S_SendData  stm32f10x_spi.o
    0x08003dcc   0x08003dcc   0x0000003c   Code   RO         2200    i.SPI_Init          stm32f10x_spi.o
    0x08003e08   0x08003e08   0x00000018   Code   RO         3311    i.SWJ_gpio_init     main.o
    0x08003e20   0x08003e20   0x00000008   Code   RO           17    i.SetSysClock       system_stm32f10x.o
    0x08003e28   0x08003e28   0x000000e0   Code   RO           18    i.SetSysClockTo72   system_stm32f10x.o
    0x08003f08   0x08003f08   0x000000b4   Code   RO         3347    i.SpiFlashWriteS    y_flash.o
    0x08003fbc   0x08003fbc   0x00000030   Code   RO         4186    i.SysTick_Handler   y_timer.o
    0x08003fec   0x08003fec   0x00000060   Code   RO         4187    i.SysTick_Init      y_timer.o
    0x0800404c   0x0800404c   0x00000060   Code   RO           20    i.SystemInit        system_stm32f10x.o
    0x080040ac   0x080040ac   0x00000080   Code   RO         2326    i.TI1_Config        stm32f10x_tim.o
    0x0800412c   0x0800412c   0x00000098   Code   RO         2327    i.TI2_Config        stm32f10x_tim.o
    0x080041c4   0x080041c4   0x00000090   Code   RO         2328    i.TI3_Config        stm32f10x_tim.o
    0x08004254   0x08004254   0x00000098   Code   RO         2329    i.TI4_Config        stm32f10x_tim.o
    0x080042ec   0x080042ec   0x000000a0   Code   RO         4123    i.TIM7_IRQHandler   y_servo.o
    0x0800438c   0x0800438c   0x00000058   Code   RO         4124    i.TIM7_Init         y_servo.o
    0x080043e4   0x080043e4   0x00000006   Code   RO         2336    i.TIM_ClearFlag     stm32f10x_tim.o
    0x080043ea   0x080043ea   0x00000006   Code   RO         2337    i.TIM_ClearITPendingBit  stm32f10x_tim.o
    0x080043f0   0x080043f0   0x00000018   Code   RO         2342    i.TIM_Cmd           stm32f10x_tim.o
    0x08004408   0x08004408   0x0000001e   Code   RO         2344    i.TIM_CtrlPWMOutputs  stm32f10x_tim.o
    0x08004426   0x08004426   0x00000042   Code   RO         2351    i.TIM_EncoderInterfaceConfig  stm32f10x_tim.o
    0x08004468   0x08004468   0x00000006   Code   RO         2361    i.TIM_GetCounter    stm32f10x_tim.o
    0x0800446e   0x0800446e   0x00000022   Code   RO         2363    i.TIM_GetITStatus   stm32f10x_tim.o
    0x08004490   0x08004490   0x000000ac   Code   RO         2365    i.TIM_ICInit        stm32f10x_tim.o
    0x0800453c   0x0800453c   0x00000012   Code   RO         2366    i.TIM_ICStructInit  stm32f10x_tim.o
    0x0800454e   0x0800454e   0x00000012   Code   RO         2367    i.TIM_ITConfig      stm32f10x_tim.o
    0x08004560   0x08004560   0x00000098   Code   RO         2371    i.TIM_OC1Init       stm32f10x_tim.o
    0x080045f8   0x080045f8   0x000000a4   Code   RO         2376    i.TIM_OC2Init       stm32f10x_tim.o
    0x0800469c   0x0800469c   0x000000a0   Code   RO         2381    i.TIM_OC3Init       stm32f10x_tim.o
    0x0800473c   0x0800473c   0x0000007c   Code   RO         2386    i.TIM_OC4Init       stm32f10x_tim.o
    0x080047b8   0x080047b8   0x00000014   Code   RO         2389    i.TIM_OCStructInit  stm32f10x_tim.o
    0x080047cc   0x080047cc   0x00000004   Code   RO         2403    i.TIM_SetCompare1   stm32f10x_tim.o
    0x080047d0   0x080047d0   0x00000004   Code   RO         2404    i.TIM_SetCompare2   stm32f10x_tim.o
    0x080047d4   0x080047d4   0x00000004   Code   RO         2405    i.TIM_SetCompare3   stm32f10x_tim.o
    0x080047d8   0x080047d8   0x00000006   Code   RO         2406    i.TIM_SetCompare4   stm32f10x_tim.o
    0x080047de   0x080047de   0x00000004   Code   RO         2407    i.TIM_SetCounter    stm32f10x_tim.o
    0x080047e2   0x080047e2   0x00000012   Code   RO         2408    i.TIM_SetIC1Prescaler  stm32f10x_tim.o
    0x080047f4   0x080047f4   0x0000001a   Code   RO         2409    i.TIM_SetIC2Prescaler  stm32f10x_tim.o
    0x0800480e   0x0800480e   0x00000012   Code   RO         2410    i.TIM_SetIC3Prescaler  stm32f10x_tim.o
    0x08004820   0x08004820   0x0000001a   Code   RO         2411    i.TIM_SetIC4Prescaler  stm32f10x_tim.o
    0x0800483a   0x0800483a   0x00000002   PAD
    0x0800483c   0x0800483c   0x000000a4   Code   RO         2413    i.TIM_TimeBaseInit  stm32f10x_tim.o
    0x080048e0   0x080048e0   0x00000012   Code   RO         2414    i.TIM_TimeBaseStructInit  stm32f10x_tim.o
    0x080048f2   0x080048f2   0x00000002   PAD
    0x080048f4   0x080048f4   0x0000005c   Code   RO         3772    i.TRACK_IR4_Init    tracking.o
    0x08004950   0x08004950   0x00000034   Code   RO         4216    i.UART5_IRQHandler  y_usart.o
    0x08004984   0x08004984   0x00000034   Code   RO         4217    i.USART1_IRQHandler  y_usart.o
    0x080049b8   0x080049b8   0x00000034   Code   RO         4218    i.USART2_IRQHandler  y_usart.o
    0x080049ec   0x080049ec   0x00000034   Code   RO         4219    i.USART3_IRQHandler  y_usart.o
    0x08004a20   0x08004a20   0x0000001e   Code   RO         2875    i.USART_ClearITPendingBit  stm32f10x_usart.o
    0x08004a3e   0x08004a3e   0x00000018   Code   RO         2878    i.USART_Cmd         stm32f10x_usart.o
    0x08004a56   0x08004a56   0x00000002   PAD
    0x08004a58   0x08004a58   0x0000009c   Code   RO         2880    i.USART_DeInit      stm32f10x_usart.o
    0x08004af4   0x08004af4   0x0000001a   Code   RO         2881    i.USART_GetFlagStatus  stm32f10x_usart.o
    0x08004b0e   0x08004b0e   0x00000054   Code   RO         2882    i.USART_GetITStatus  stm32f10x_usart.o
    0x08004b62   0x08004b62   0x00000018   Code   RO         2883    i.USART_HalfDuplexCmd  stm32f10x_usart.o
    0x08004b7a   0x08004b7a   0x0000004a   Code   RO         2884    i.USART_ITConfig    stm32f10x_usart.o
    0x08004bc4   0x08004bc4   0x000000d8   Code   RO         2885    i.USART_Init        stm32f10x_usart.o
    0x08004c9c   0x08004c9c   0x0000000a   Code   RO         2892    i.USART_ReceiveData  stm32f10x_usart.o
    0x08004ca6   0x08004ca6   0x00000008   Code   RO         2895    i.USART_SendData    stm32f10x_usart.o
    0x08004cae   0x08004cae   0x00000028   Code   RO         4573    i.__ARM_fpclassify  m_ws.l(fpclassify.o)
    0x08004cd6   0x08004cd6   0x00000002   PAD
    0x08004cd8   0x08004cd8   0x00000388   Code   RO         4577    i.__ieee754_rem_pio2  m_ws.l(rred.o)
    0x08005060   0x08005060   0x000000fc   Code   RO         4556    i.__kernel_cos      m_ws.l(cos_i.o)
    0x0800515c   0x0800515c   0x000000aa   Code   RO         4575    i.__kernel_poly     m_ws.l(poly.o)
    0x08005206   0x08005206   0x00000002   PAD
    0x08005208   0x08005208   0x000000ec   Code   RO         4582    i.__kernel_sin      m_ws.l(sin_i.o)
    0x080052f4   0x080052f4   0x00000006   Code   RO         4560    i.__mathlib_dbl_infnan  m_ws.l(dunder.o)
    0x080052fa   0x080052fa   0x0000000c   Code   RO         4562    i.__mathlib_dbl_invalid  m_ws.l(dunder.o)
    0x08005306   0x08005306   0x0000000e   Code   RO         4563    i.__mathlib_dbl_overflow  m_ws.l(dunder.o)
    0x08005314   0x08005314   0x00000010   Code   RO         4565    i.__mathlib_dbl_underflow  m_ws.l(dunder.o)
    0x08005324   0x08005324   0x00000010   Code   RO         4669    i.__mathlib_narrow  m_ws.l(narrow.o)
    0x08005334   0x08005334   0x000000bc   Code   RO         4670    i.__mathlib_tofloat  m_ws.l(narrow.o)
    0x080053f0   0x080053f0   0x00000016   Code   RO         4897    i.__support_ldexp   m_ws.l(ldexp.o)
    0x08005406   0x08005406   0x0000000e   Code   RO         4372    i._is_digit         c_w.l(__printf_wp.o)
    0x08005414   0x08005414   0x0000000e   Code   RO         3893    i.abs_int           y_global.o
    0x08005422   0x08005422   0x00000002   PAD
    0x08005424   0x08005424   0x0000027c   Code   RO         4468    i.acos              m_ws.l(acos.o)
    0x080056a0   0x080056a0   0x000000f4   Code   RO         3894    i.app_action_run    y_global.o
    0x08005794   0x08005794   0x00000044   Code   RO         3312    i.app_led_run       main.o
    0x080057d8   0x080057d8   0x0000000c   Code   RO         3108    i.app_motor_init    app_motor.o
    0x080057e4   0x080057e4   0x00000134   Code   RO         3109    i.app_motor_run     app_motor.o
    0x08005918   0x08005918   0x00000008   Code   RO         3215    i.app_ps2_init      app_ps2.o
    0x08005920   0x08005920   0x00000064   Code   RO         3216    i.app_ps2_run       app_ps2.o
    0x08005984   0x08005984   0x0000000c   Code   RO         3253    i.app_sensor_init   app_sensor.o
    0x08005990   0x08005990   0x00000084   Code   RO         3254    i.app_sensor_run    app_sensor.o
    0x08005a14   0x08005a14   0x00000024   Code   RO         3292    i.app_uart_init     app_uart.o
    0x08005a38   0x08005a38   0x00000060   Code   RO         3293    i.app_uart_run      app_uart.o
    0x08005a98   0x08005a98   0x00000220   Code   RO         4478    i.atan              m_ws.l(atan.o)
    0x08005cb8   0x08005cb8   0x0000009c   Code   RO         4488    i.cos               m_ws.l(cos.o)
    0x08005d54   0x08005d54   0x00000020   Code   RO         3812    i.delay_ms          y_delay.o
    0x08005d74   0x08005d74   0x00000028   Code   RO         3814    i.delay_us          y_delay.o
    0x08005d9c   0x08005d9c   0x0000003c   Code   RO         3895    i.do_group_once     y_global.o
    0x08005dd8   0x08005dd8   0x0000001c   Code   RO         4220    i.fputc             y_usart.o
    0x08005df4   0x08005df4   0x00000058   Code   RO         4840    i.frexp             m_ws.l(frexp.o)
    0x08005e4c   0x08005e4c   0x0000005c   Code   RO         3896    i.getMaxTime        y_global.o
    0x08005ea8   0x08005ea8   0x0000000e   Code   RO         3685    i.i2c_delay         y_soft_i2c.o
    0x08005eb6   0x08005eb6   0x0000001c   Code   RO         3688    i.i2c_start         y_soft_i2c.o
    0x08005ed2   0x08005ed2   0x00000018   Code   RO         3689    i.i2c_stop          y_soft_i2c.o
    0x08005eea   0x08005eea   0x00000036   Code   RO         3690    i.i2c_wait_ack      y_soft_i2c.o
    0x08005f20   0x08005f20   0x00000042   Code   RO         3691    i.i2c_write_byte    y_soft_i2c.o
    0x08005f62   0x08005f62   0x00000002   PAD
    0x08005f64   0x08005f64   0x0000060c   Code   RO         4017    i.kinematics_analysis  y_kinematics.o
    0x08006570   0x08006570   0x00000100   Code   RO         3898    i.kinematics_move   y_global.o
    0x08006670   0x08006670   0x00000074   Code   RO         4898    i.ldexp             m_ws.l(ldexp.o)
    0x080066e4   0x080066e4   0x0000002c   Code   RO         4041    i.led_init          y_led.o
    0x08006710   0x08006710   0x0000027c   Code   RO         3217    i.loop_ps2_car      app_ps2.o
    0x0800698c   0x0800698c   0x000000a0   Code   RO         3313    i.main              main.o
    0x08006a2c   0x08006a2c   0x0000000c   Code   RO         4188    i.millis            y_timer.o
    0x08006a38   0x08006a38   0x000000e8   Code   RO         4064    i.motor_init        y_motor.o
    0x08006b20   0x08006b20   0x00000024   Code   RO         3110    i.motor_speed_set   app_motor.o
    0x08006b44   0x08006b44   0x00000094   Code   RO         3314    i.parameter_init    main.o
    0x08006bd8   0x08006bd8   0x00000224   Code   RO         3899    i.parse_action      y_global.o
    0x08006dfc   0x08006dfc   0x000006bc   Code   RO         3900    i.parse_cmd         y_global.o
    0x080074b8   0x080074b8   0x0000025c   Code   RO         3218    i.parse_psx_buf     app_ps2.o
    0x08007714   0x08007714   0x00000080   Code   RO         3633    i.ps2_init          y_ps2.o
    0x08007794   0x08007794   0x0000006c   Code   RO         3634    i.ps2_transfer      y_ps2.o
    0x08007800   0x08007800   0x0000007c   Code   RO         3635    i.ps2_write_read    y_ps2.o
    0x0800787c   0x0800787c   0x00000128   Code   RO         4125    i.pwmServo_angle_set  y_servo.o
    0x080079a4   0x080079a4   0x00000024   Code   RO         4126    i.pwmServo_bias_set  y_servo.o
    0x080079c8   0x080079c8   0x0000000c   Code   RO         4127    i.pwmServo_init     y_servo.o
    0x080079d4   0x080079d4   0x00000058   Code   RO         4128    i.pwmServo_stop_motion  y_servo.o
    0x08007a2c   0x08007a2c   0x00000014   Code   RO         3902    i.replace_char      y_global.o
    0x08007a40   0x08007a40   0x00000020   Code   RO         3903    i.rewrite_eeprom    y_global.o
    0x08007a60   0x08007a60   0x0000013c   Code   RO         3904    i.save_action       y_global.o
    0x08007b9c   0x08007b9c   0x000000c4   Code   RO         4129    i.servo_gpio_init   y_servo.o
    0x08007c60   0x08007c60   0x000000d4   Code   RO         4130    i.servo_increment_offset  y_servo.o
    0x08007d34   0x08007d34   0x00000074   Code   RO         4131    i.servo_pin_set     y_servo.o
    0x08007da8   0x08007da8   0x00000040   Code   RO         4018    i.setup_kinematics  y_kinematics.o
    0x08007de8   0x08007de8   0x000000a0   Code   RO         4496    i.sin               m_ws.l(sin.o)
    0x08007e88   0x08007e88   0x0000003c   Code   RO         3692    i.soft_i2c_gpio_init  y_soft_i2c.o
    0x08007ec4   0x08007ec4   0x00000044   Code   RO         3907    i.soft_reset        y_global.o
    0x08007f08   0x08007f08   0x0000004c   Code   RO         3349    i.spi_flash_erase_sector  y_flash.o
    0x08007f54   0x08007f54   0x000000b4   Code   RO         3350    i.spi_flash_init    y_flash.o
    0x08008008   0x08008008   0x00000058   Code   RO         3352    i.spi_flash_read    y_flash.o
    0x08008060   0x08008060   0x00000030   Code   RO         3353    i.spi_flash_read_SR  y_flash.o
    0x08008090   0x08008090   0x0000004c   Code   RO         3355    i.spi_flash_read_id  y_flash.o
    0x080080dc   0x080080dc   0x00000012   Code   RO         3356    i.spi_flash_wait_busy  y_flash.o
    0x080080ee   0x080080ee   0x00000002   PAD
    0x080080f0   0x080080f0   0x00000024   Code   RO         3362    i.spi_flash_write_enable  y_flash.o
    0x08008114   0x08008114   0x00000046   Code   RO         3363    i.spi_flash_write_no_check  y_flash.o
    0x0800815a   0x0800815a   0x00000002   PAD
    0x0800815c   0x0800815c   0x0000006c   Code   RO         3364    i.spi_flash_write_page  y_flash.o
    0x080081c8   0x080081c8   0x00000024   Code   RO         3366    i.spi_set_speed     y_flash.o
    0x080081ec   0x080081ec   0x00000054   Code   RO         3367    i.spi_write_read    y_flash.o
    0x08008240   0x08008240   0x0000004c   Code   RO         4504    i.sqrt              m_ws.l(sqrt.o)
    0x0800828c   0x0800828c   0x0000004a   Code   RO         3908    i.str_contain_str   y_global.o
    0x080082d6   0x080082d6   0x00000002   PAD
    0x080082d8   0x080082d8   0x00000030   Code   RO         3784    i.timer6_init       ultrasonic.o
    0x08008308   0x08008308   0x000000bc   Code   RO         4221    i.uart1_init        y_usart.o
    0x080083c4   0x080083c4   0x00000020   Code   RO         4222    i.uart1_send_byte   y_usart.o
    0x080083e4   0x080083e4   0x00000016   Code   RO         4224    i.uart1_send_str    y_usart.o
    0x080083fa   0x080083fa   0x00000002   PAD
    0x080083fc   0x080083fc   0x000000b0   Code   RO         4225    i.uart2_init        y_usart.o
    0x080084ac   0x080084ac   0x0000002c   Code   RO         4226    i.uart2_send_str    y_usart.o
    0x080084d8   0x080084d8   0x000000b4   Code   RO         4227    i.uart3_init        y_usart.o
    0x0800858c   0x0800858c   0x00000044   Code   RO         4228    i.uart3_send_str    y_usart.o
    0x080085d0   0x080085d0   0x000000a8   Code   RO         4229    i.uart5_init        y_usart.o
    0x08008678   0x08008678   0x00000044   Code   RO         4230    i.uart5_send_str    y_usart.o
    0x080086bc   0x080086bc   0x000000fc   Code   RO         4231    i.uart_data_parse   y_usart.o
    0x080087b8   0x080087b8   0x000000dc   Code   RO         3785    i.ultrasonic_distance_read  ultrasonic.o
    0x08008894   0x08008894   0x00000040   Code   RO         3786    i.ultrasonic_gpio_config  ultrasonic.o
    0x080088d4   0x080088d4   0x0000000c   Code   RO         3787    i.ultrasonic_sensor_init  ultrasonic.o
    0x080088e0   0x080088e0   0x00000074   Code   RO         3909    i.zx_uart_send_str  y_global.o
    0x08008954   0x08008954   0x0000002c   Code   RO         4653    locale$$code        c_w.l(lc_numeric_c.o)
    0x08008980   0x08008980   0x0000002c   Code   RO         4884    locale$$code        c_w.l(lc_ctype_c.o)
    0x080089ac   0x080089ac   0x00000062   Code   RO         4403    x$fpl$d2f           fz_ws.l(d2f.o)
    0x08008a0e   0x08008a0e   0x00000002   PAD
    0x08008a10   0x08008a10   0x00000150   Code   RO         4405    x$fpl$dadd          fz_ws.l(daddsub_clz.o)
    0x08008b60   0x08008b60   0x00000010   Code   RO         4655    x$fpl$dcheck1       fz_ws.l(dcheck1.o)
    0x08008b70   0x08008b70   0x00000018   Code   RO         4539    x$fpl$dcmpinf       fz_ws.l(dcmpi.o)
    0x08008b88   0x08008b88   0x000002b0   Code   RO         4412    x$fpl$ddiv          fz_ws.l(ddiv.o)
    0x08008e38   0x08008e38   0x00000078   Code   RO         4835    x$fpl$deqf          fz_ws.l(deqf.o)
    0x08008eb0   0x08008eb0   0x0000005e   Code   RO         4415    x$fpl$dfix          fz_ws.l(dfix.o)
    0x08008f0e   0x08008f0e   0x0000002e   Code   RO         4420    x$fpl$dflt          fz_ws.l(dflt_clz.o)
    0x08008f3c   0x08008f3c   0x00000026   Code   RO         4419    x$fpl$dfltu         fz_ws.l(dflt_clz.o)
    0x08008f62   0x08008f62   0x00000002   PAD
    0x08008f64   0x08008f64   0x00000078   Code   RO         4425    x$fpl$dleqf         fz_ws.l(dleqf.o)
    0x08008fdc   0x08008fdc   0x00000154   Code   RO         4427    x$fpl$dmul          fz_ws.l(dmul.o)
    0x08009130   0x08009130   0x0000009c   Code   RO         4541    x$fpl$dnaninf       fz_ws.l(dnaninf.o)
    0x080091cc   0x080091cc   0x0000000c   Code   RO         4543    x$fpl$dretinf       fz_ws.l(dretinf.o)
    0x080091d8   0x080091d8   0x0000006c   Code   RO         4429    x$fpl$drleqf        fz_ws.l(drleqf.o)
    0x08009244   0x08009244   0x00000016   Code   RO         4406    x$fpl$drsb          fz_ws.l(daddsub_clz.o)
    0x0800925a   0x0800925a   0x00000002   PAD
    0x0800925c   0x0800925c   0x000001cc   Code   RO         4545    x$fpl$dsqrt         fz_ws.l(dsqrt_noumaal.o)
    0x08009428   0x08009428   0x000001d4   Code   RO         4407    x$fpl$dsub          fz_ws.l(daddsub_clz.o)
    0x080095fc   0x080095fc   0x00000056   Code   RO         4431    x$fpl$f2d           fz_ws.l(f2d.o)
    0x08009652   0x08009652   0x00000002   PAD
    0x08009654   0x08009654   0x000000c4   Code   RO         4433    x$fpl$fadd          fz_ws.l(faddsub_clz.o)
    0x08009718   0x08009718   0x00000018   Code   RO         4547    x$fpl$fcmpinf       fz_ws.l(fcmpi.o)
    0x08009730   0x08009730   0x00000184   Code   RO         4440    x$fpl$fdiv          fz_ws.l(fdiv.o)
    0x080098b4   0x080098b4   0x00000068   Code   RO         4443    x$fpl$feqf          fz_ws.l(feqf.o)
    0x0800991c   0x0800991c   0x00000036   Code   RO         4445    x$fpl$ffix          fz_ws.l(ffix.o)
    0x08009952   0x08009952   0x00000002   PAD
    0x08009954   0x08009954   0x0000003e   Code   RO         4449    x$fpl$ffixu         fz_ws.l(ffixu.o)
    0x08009992   0x08009992   0x00000002   PAD
    0x08009994   0x08009994   0x00000030   Code   RO         4454    x$fpl$fflt          fz_ws.l(fflt_clz.o)
    0x080099c4   0x080099c4   0x00000026   Code   RO         4453    x$fpl$ffltu         fz_ws.l(fflt_clz.o)
    0x080099ea   0x080099ea   0x00000002   PAD
    0x080099ec   0x080099ec   0x00000068   Code   RO         4459    x$fpl$fleqf         fz_ws.l(fleqf.o)
    0x08009a54   0x08009a54   0x00000102   Code   RO         4461    x$fpl$fmul          fz_ws.l(fmul.o)
    0x08009b56   0x08009b56   0x0000008c   Code   RO         4549    x$fpl$fnaninf       fz_ws.l(fnaninf.o)
    0x08009be2   0x08009be2   0x0000000a   Code   RO         4551    x$fpl$fretinf       fz_ws.l(fretinf.o)
    0x08009bec   0x08009bec   0x00000062   Code   RO         4463    x$fpl$frleqf        fz_ws.l(frleqf.o)
    0x08009c4e   0x08009c4e   0x00000014   Code   RO         4434    x$fpl$frsb          fz_ws.l(faddsub_clz.o)
    0x08009c62   0x08009c62   0x00000002   PAD
    0x08009c64   0x08009c64   0x000000ea   Code   RO         4435    x$fpl$fsub          fz_ws.l(faddsub_clz.o)
    0x08009d4e   0x08009d4e   0x00000006   Code   RO         4661    x$fpl$ieeestatus    fz_ws.l(istatus.o)
    0x08009d54   0x08009d54   0x00000064   Code   RO         4837    x$fpl$retnan        fz_ws.l(retnan.o)
    0x08009db8   0x08009db8   0x0000005c   Code   RO         4553    x$fpl$scalbn        fz_ws.l(scalbn.o)
    0x08009e14   0x08009e14   0x00000004   Code   RO         4465    x$fpl$scanf1        fz_ws.l(scanf1.o)
    0x08009e18   0x08009e18   0x00000008   Code   RO         4663    x$fpl$scanf2        fz_ws.l(scanf2.o)
    0x08009e20   0x08009e20   0x00000030   Code   RO         4894    x$fpl$trapveneer    fz_ws.l(trapv.o)
    0x08009e50   0x08009e50   0x00000000   Code   RO         4555    x$fpl$usenofp       fz_ws.l(usenofp.o)
    0x08009e50   0x08009e50   0x00000818   Data   RO         3666    .constdata          resource.o
    0x0800a668   0x0800a668   0x00000028   Data   RO         4345    .constdata          c_w.l(_printf_hex_int.o)
    0x0800a690   0x0800a690   0x00000011   Data   RO         4375    .constdata          c_w.l(__printf_flags_wp.o)
    0x0800a6a1   0x0800a6a1   0x00000007   PAD
    0x0800a6a8   0x0800a6a8   0x00000050   Data   RO         4469    .constdata          m_ws.l(acos.o)
    0x0800a6f8   0x0800a6f8   0x00000098   Data   RO         4479    .constdata          m_ws.l(atan.o)
    0x0800a790   0x0800a790   0x00000030   Data   RO         4557    .constdata          m_ws.l(cos_i.o)
    0x0800a7c0   0x0800a7c0   0x000000c8   Data   RO         4579    .constdata          m_ws.l(rred.o)
    0x0800a888   0x0800a888   0x00000028   Data   RO         4583    .constdata          m_ws.l(sin_i.o)
    0x0800a8b0   0x0800a8b0   0x00000094   Data   RO         4620    .constdata          c_w.l(bigflt0.o)
    0x0800a944   0x0800a944   0x00000004   Data   RO         4676    .constdata          c_w.l(sys_io.o)
    0x0800a948   0x0800a948   0x00000004   Data   RO         4677    .constdata          c_w.l(sys_io.o)
    0x0800a94c   0x0800a94c   0x00000004   Data   RO         4678    .constdata          c_w.l(sys_io.o)
    0x0800a950   0x0800a950   0x00000485   Data   RO         3219    .conststring        app_ps2.o
    0x0800add5   0x0800add5   0x00000003   PAD
    0x0800add8   0x0800add8   0x00000020   Data   RO         4980    Region$$Table       anon$$obj.o
    0x0800adf8   0x0800adf8   0x00000008   Data   RO         4657    c$$dinf             fz_ws.l(fpconst.o)
    0x0800ae00   0x0800ae00   0x00000008   Data   RO         4660    c$$dmax             fz_ws.l(fpconst.o)
    0x0800ae08   0x0800ae08   0x0000001c   Data   RO         4652    locale$$data        c_w.l(lc_numeric_c.o)
    0x0800ae24   0x0800ae24   0x00000110   Data   RO         4883    locale$$data        c_w.l(lc_ctype_c.o)


    Execution Region RW_IRAM1 (Exec base: 0x20000000, Load base: 0x0800af34, Size: 0x00002af0, Max: 0x0000c000, ABSOLUTE, COMPRESSED[0x00000434])

    Exec Addr    Load Addr    Size         Type   Attr      Idx    E Section Name        Object

    0x20000000   COMPRESSED   0x00000014   Data   RW           21    .data               system_stm32f10x.o
    0x20000014   COMPRESSED   0x00000014   Data   RW         1738    .data               stm32f10x_rcc.o
    0x20000028   COMPRESSED   0x000000a0   Data   RW         3220    .data               app_ps2.o
    0x200000c8   COMPRESSED   0x0000002c   Data   RW         3255    .data               app_sensor.o
    0x200000f4   COMPRESSED   0x00000008   Data   RW         3315    .data               main.o
    0x200000fc   COMPRESSED   0x00000005   Data   RW         3369    .data               y_flash.o
    0x20000101   COMPRESSED   0x000007e0   Data   RW         3667    .data               resource.o
    0x200008e1   COMPRESSED   0x00000007   PAD
    0x200008e8   COMPRESSED   0x00000030   Data   RW         3911    .data               y_global.o
    0x20000918   COMPRESSED   0x00000034   Data   RW         4066    .data               y_motor.o
    0x2000094c   COMPRESSED   0x00000002   Data   RW         4133    .data               y_servo.o
    0x2000094e   COMPRESSED   0x00000002   PAD
    0x20000950   COMPRESSED   0x00000005   Data   RW         4189    .data               y_timer.o
    0x20000955   COMPRESSED   0x00000001   PAD
    0x20000956   COMPRESSED   0x00000006   Data   RW         4233    .data               y_usart.o
    0x2000095c   COMPRESSED   0x00000004   Data   RW         4534    .data               c_w.l(stdio_streams.o)
    0x20000960   COMPRESSED   0x00000004   Data   RW         4535    .data               c_w.l(stdio_streams.o)
    0x20000964   COMPRESSED   0x00000004   Data   RW         4536    .data               c_w.l(stdio_streams.o)
    0x20000968        -       0x00001012   Zero   RW         3368    .bss                y_flash.o
    0x2000197a        -       0x00000009   Zero   RW         3636    .bss                y_ps2.o
    0x20001983   COMPRESSED   0x00000001   PAD
    0x20001984        -       0x000004c4   Zero   RW         3910    .bss                y_global.o
    0x20001e48        -       0x00000058   Zero   RW         4019    .bss                y_kinematics.o
    0x20001ea0        -       0x00000060   Zero   RW         4065    .bss                y_motor.o
    0x20001f00        -       0x00000080   Zero   RW         4132    .bss                y_servo.o
    0x20001f80        -       0x00000414   Zero   RW         4232    .bss                y_usart.o
    0x20002394        -       0x00000054   Zero   RW         4531    .bss                c_w.l(stdio_streams.o)
    0x200023e8        -       0x00000054   Zero   RW         4532    .bss                c_w.l(stdio_streams.o)
    0x2000243c        -       0x00000054   Zero   RW         4533    .bss                c_w.l(stdio_streams.o)
    0x20002490        -       0x00000060   Zero   RW         4681    .bss                c_w.l(libspace.o)
    0x200024f0        -       0x00000200   Zero   RW          131    HEAP                startup_stm32f10x_hd.o
    0x200026f0        -       0x00000400   Zero   RW          130    STACK               startup_stm32f10x_hd.o


==============================================================================

Image component sizes


      Code (inc. data)   RO Data    RW Data    ZI Data      Debug   Object Name

       356         36          0          0          0       2723   app_motor.o
      1348         96       1157        160          0       3370   app_ps2.o
      1524        156          0         44          0       4284   app_sensor.o
       132         14          0          0          0        931   app_uart.o
         0          0          0          0          0       4540   core_cm3.o
       644        126          0          8          0       2546   main.o
       112         12          0          0          0       1044   misc.o
         0          0       2072       2016          0       1185   resource.o
        64         26        304          0       1536        824   startup_stm32f10x_hd.o
       476          6          0          0          0       5763   stm32f10x_gpio.o
       340         44          0         20          0       5620   stm32f10x_rcc.o
       112          0          0          0          0       3882   stm32f10x_spi.o
      1868        200          0          0          0      19262   stm32f10x_tim.o
       652         28          0          0          0       8056   stm32f10x_usart.o
       328         28          0         20          0     257525   system_stm32f10x.o
        92         10          0          0          0        541   tracking.o
       344         32          0          0          0       2280   ultrasonic.o
        72          0          0          0          0       1138   y_delay.o
       844         50          0          0          0       5143   y_encoder.o
      1000         64          0          5       4114       8524   y_flash.o
      3564        826          0         48       1220      27088   y_global.o
      1612         74          0          0         88       3346   y_kinematics.o
        44          4          0          0          0        487   y_led.o
      1368        156          0         52         96       6797   y_motor.o
       738         20          0          0          0       6551   y_oled.o
       360         16          0          0          9       2217   y_ps2.o
      1204         86          0          2        128       7311   y_servo.o
       326         28          0          0          0       5543   y_soft_i2c.o
       156         26          0          5          0      16929   y_timer.o
      1434        106          0          6       1044      10185   y_usart.o

    ----------------------------------------------------------------------
     21138       2270       3568       2396       8236     425635   Object Totals
         0          0         32          0          0          0   (incl. Generated)
        24          0          3         10          1          0   (incl. Padding)

    ----------------------------------------------------------------------

      Code (inc. data)   RO Data    RW Data    ZI Data      Debug   Library Member Name

        60          8          0          0          0         84   __0sscanf.o
       100          0          0          0          0          0   __dclz77c.o
         8          0          0          0          0         68   __main.o
       312          4         17          0          0         92   __printf_flags_wp.o
        14          0          0          0          0         68   __printf_wp.o
         0          0          0          0          0          0   __rtentry.o
        12          0          0          0          0          0   __rtentry2.o
         6          0          0          0          0          0   __rtentry4.o
        52          8          0          0          0          0   __scatter.o
        28          0          0          0          0          0   __scatter_zi.o
        28          0          0          0          0         68   _chval.o
        48          6          0          0          0         96   _printf_char_common.o
        36          4          0          0          0         80   _printf_char_file.o
         6          0          0          0          0          0   _printf_d.o
       120         16          0          0          0         92   _printf_dec.o
        88          4         40          0          0         88   _printf_hex_int.o
       178          0          0          0          0         88   _printf_intcommon.o
        78          0          0          0          0        108   _printf_pad.o
         0          0          0          0          0          0   _printf_percent.o
         4          0          0          0          0          0   _printf_percent_end.o
         6          0          0          0          0          0   _printf_x.o
        22          0          0          0          0        100   _rserrno.o
       884          6          0          0          0        100   _scanf.o
       332          0          0          0          0         96   _scanf_int.o
        64          0          0          0          0         84   _sgetc.o
        10          0          0          0          0         68   _sputc.o
       228          4        148          0          0         96   bigflt0.o
      1924        136          0          0          0        756   btod.o
        10          0          0          0          0         68   defsig_exit.o
        50          0          0          0          0         88   defsig_general.o
        80         58          0          0          0         76   defsig_rtmem_inner.o
        14          0          0          0          0         80   defsig_rtmem_outer.o
        52         38          0          0          0         76   defsig_rtred_inner.o
        14          0          0          0          0         80   defsig_rtred_outer.o
        18          0          0          0          0         80   exit.o
        76          0          0          0          0         88   fclose.o
         8          0          0          0          0         68   ferror.o
       236          4          0          0          0        128   fopen.o
       248          6          0          0          0         84   fseek.o
        66          0          0          0          0         76   ftell.o
        94          0          0          0          0         80   h1_alloc.o
        52          0          0          0          0         68   h1_extend.o
        78          0          0          0          0         80   h1_free.o
        14          0          0          0          0         84   h1_init.o
         6          0          0          0          0        152   heapauxi.o
         4          0          0          0          0        136   hguard.o
         0          0          0          0          0          0   indicate_semi.o
       138          0          0          0          0        168   init_alloc.o
       312         46          0          0          0        112   initio.o
        18          0          0          0          0         76   isspace.o
        44         10        272          0          0         76   lc_ctype_c.o
        44         10         28          0          0         76   lc_numeric_c.o
         2          0          0          0          0          0   libinit.o
        42          0          0          0          0          0   libinit2.o
         2          0          0          0          0          0   libshutdown.o
         6          0          0          0          0          0   libshutdown2.o
         8          4          0          0         96         68   libspace.o
        38          0          0          0          0         68   llshl.o
         0          0          0          0          0          0   maybetermalloc1.o
        24          4          0          0          0         84   noretval__2printf.o
        40          6          0          0          0         84   noretval__2sprintf.o
        16          4          0          0          0         76   rt_ctype_table.o
         8          4          0          0          0         68   rt_errno_addr_intlibspace.o
         8          4          0          0          0         68   rt_heap_descriptor_intlibspace.o
         8          4          0          0          0         68   rt_locale_intlibspace.o
        68          0          0          0          0         68   rt_memclr.o
        78          0          0          0          0         80   rt_memclr_w.o
       138          0          0          0          0         68   rt_memcpy_v6.o
       100          0          0          0          0         80   rt_memcpy_w.o
         2          0          0          0          0          0   rtexit.o
        10          0          0          0          0          0   rtexit2.o
        44          8          0          0          0         84   scanf_char.o
      1272         16          0          0          0        168   scanf_fp.o
       800         14          0          0          0        100   scanf_hexfp.o
       308         16          0          0          0        100   scanf_infnan.o
        70          0          0          0          0         80   setvbuf.o
       240          6          0          0          0        156   stdio.o
         0          0          0         12        252          0   stdio_streams.o
       128          0          0          0          0         68   strcmpv7m.o
        72          0          0          0          0         80   strcpy.o
        62          0          0          0          0         76   strlen.o
        12          4          0          0          0         68   sys_exit.o
       102          0         12          0          0        240   sys_io.o
        74          0          0          0          0         80   sys_stackheap_outer.o
        14          0          0          0          0         76   sys_wrch.o
         2          0          0          0          0         68   use_no_semi.o
        98          4          0          0          0         92   d2f.o
       826         16          0          0          0        348   daddsub_clz.o
        16          4          0          0          0         68   dcheck1.o
        24          0          0          0          0         68   dcmpi.o
       688        140          0          0          0        208   ddiv.o
       120          4          0          0          0         92   deqf.o
        94          4          0          0          0         92   dfix.o
        84          0          0          0          0        136   dflt_clz.o
       120          4          0          0          0         92   dleqf.o
       340         12          0          0          0        104   dmul.o
       156          4          0          0          0         92   dnaninf.o
        12          0          0          0          0         68   dretinf.o
       108          0          0          0          0         80   drleqf.o
       460         56          0          0          0        120   dsqrt_noumaal.o
        86          4          0          0          0         84   f2d.o
       450          8          0          0          0        236   faddsub_clz.o
        24          0          0          0          0         68   fcmpi.o
       388         76          0          0          0         96   fdiv.o
       104          4          0          0          0         84   feqf.o
        54          4          0          0          0         84   ffix.o
        62          4          0          0          0         84   ffixu.o
        86          0          0          0          0        136   fflt_clz.o
       104          4          0          0          0         84   fleqf.o
       258          4          0          0          0         84   fmul.o
       140          4          0          0          0         84   fnaninf.o
         0          0         16          0          0          0   fpconst.o
        10          0          0          0          0         68   fretinf.o
        98          0          0          0          0         68   frleqf.o
         6          0          0          0          0         68   istatus.o
       100          0          0          0          0         68   retnan.o
        92          0          0          0          0         68   scalbn.o
         4          0          0          0          0         68   scanf1.o
         8          0          0          0          0         84   scanf2.o
        48          0          0          0          0         68   trapv.o
         0          0          0          0          0          0   usenofp.o
       636         62         80          0          0        188   acos.o
       544         70        152          0          0        124   atan.o
       156          8          0          0          0        104   cos.o
       252         22         48          0          0        124   cos_i.o
        48          6          0          0          0        272   dunder.o
        40          0          0          0          0         68   fpclassify.o
        88          8          0          0          0         76   frexp.o
       138          0          0          0          0        160   ldexp.o
       204          4          0          0          0        168   narrow.o
       170          0          0          0          0         96   poly.o
       904         76        200          0          0        140   rred.o
       160         10          0          0          0        108   sin.o
       236         12         40          0          0        128   sin_i.o
        76          0          0          0          0         84   sqrt.o

    ----------------------------------------------------------------------
     19086       1100       1060         12        348      11840   Library Totals
        44          0          7          0          0          0   (incl. Padding)

    ----------------------------------------------------------------------

      Code (inc. data)   RO Data    RW Data    ZI Data      Debug   Library Name

     10122        462        517         12        348       6656   c_w.l
      5268        360         16          0          0       3344   fz_ws.l
      3652        278        520          0          0       1840   m_ws.l

    ----------------------------------------------------------------------
     19086       1100       1060         12        348      11840   Library Totals

    ----------------------------------------------------------------------

==============================================================================


      Code (inc. data)   RO Data    RW Data    ZI Data      Debug   

     40224       3370       4628       2408       8584     421299   Grand Totals
     40224       3370       4628       1076       8584     421299   ELF Image Totals (compressed)
     40224       3370       4628       1076          0          0   ROM Totals

==============================================================================

    Total RO  Size (Code + RO Data)                44852 (  43.80kB)
    Total RW  Size (RW Data + ZI Data)             10992 (  10.73kB)
    Total ROM Size (Code + RO Data + RW Data)      45928 (  44.85kB)

==============================================================================

